<html>
<body>
<pre>
<h1>µVision Build Log</h1>
<h2>Tool Versions:</h2>
IDE-Version: ¦ÌVision V5.21.1.0
Copyright (C) 2016 ARM Ltd and ARM Germany GmbH. All rights reserved.
License Information: oookjl ALIENTEK, Microsoft, LIC=EXJT4-FG2X6-Z9LG9-48K55-41UVN-BGPAY
 
Tool Versions:
Toolchain:       MDK-ARM Plus  Version: 5.21a
Toolchain Path:  D:\tool\MDK\ARM\ARMCC\Bin
C Compiler:      Armcc.exe V5.06 update 3 (build 300)
Assembler:       Armasm.exe V5.06 update 3 (build 300)
Linker/Locator:  ArmLink.exe V5.06 update 3 (build 300)
Library Manager: ArmAr.exe V5.06 update 3 (build 300)
Hex Converter:   FromElf.exe V5.06 update 3 (build 300)
CPU DLL:         SARMCM3.DLL V5.21a
Dialog DLL:      DCM.DLL V1.13.8.0
Target DLL:      Segger\JL2CM3.dll V2.99.23.0
Dialog DLL:      TCM.DLL V1.14.14.0
 
<h2>Project:</h2>
D:\Learn APP\CubeMX\program\DMA\MDK-ARM\DMA.uvprojx
Project File Date:  10/03/2020

<h2>Output:</h2>
*** Using Compiler 'V5.06 update 3 (build 300)', folder: 'D:\tool\MDK\ARM\ARMCC\Bin'
Build target 'DMA'
compiling main.c...
compiling stm32f4xx_it.c...
../Src/stm32f4xx_it.c(255): warning:  #767-D: conversion from pointer to smaller integer
  		
_HAL_DMA_SET_COUNTER(&hdma_usart3_rx,buffer); 
../Src/stm32f4xx_it.c: 1 warning, 0 errors
linking...
Program Size: Code=4638 RO-data=494 RW-data=16 ZI-data=1320  
FromELF: creating hex file...
"DMA\DMA.axf" - 0 Error(s), 1 Warning(s).

<h2>Software Packages used:</h2>

Package Vendor: ARM
                http://www.keil.com/pack/ARM.CMSIS.4.5.0.pack
                ARM::CMSIS:CORE:4.3.0
                CMSIS (Cortex Microcontroller Software Interface Standard)
   * Component: CORE Version: 4.3.0

<h2>Collection of Component include folders:</h2>
  D:\Learn APP\CubeMX\program\DMA\MDK-ARM\RTE
  D:\tool\MDK\ARM\PACK\ARM\CMSIS\4.5.0\CMSIS\Include
  D:\tool\MDK\ARM\PACK\Keil\STM32F4xx_DFP\2.9.0\Drivers\CMSIS\Device\ST\STM32F4xx\Include

<h2>Collection of Component Files used:</h2>

   * Component: ARM::CMSIS:CORE:4.3.0
Build Time Elapsed:  00:00:04
</pre>
</body>
</html>
