Component: ARM Compiler 5.06 update 3 (build 300) Tool: armlink [4d35c9]

==============================================================================

Section Cross References

    startup_stm32f427xx.o(RESET) refers to startup_stm32f427xx.o(STACK) for __initial_sp
    startup_stm32f427xx.o(RESET) refers to startup_stm32f427xx.o(.text) for Reset_Handler
    startup_stm32f427xx.o(RESET) refers to stm32f4xx_it.o(i.NMI_Handler) for NMI_Handler
    startup_stm32f427xx.o(RESET) refers to stm32f4xx_it.o(i.HardFault_Handler) for HardFault_Handler
    startup_stm32f427xx.o(RESET) refers to stm32f4xx_it.o(i.MemManage_Handler) for MemManage_Handler
    startup_stm32f427xx.o(RESET) refers to stm32f4xx_it.o(i.BusFault_Handler) for BusFault_Handler
    startup_stm32f427xx.o(RESET) refers to stm32f4xx_it.o(i.UsageFault_Handler) for UsageFault_Handler
    startup_stm32f427xx.o(RESET) refers to stm32f4xx_it.o(i.SVC_Handler) for SVC_Handler
    startup_stm32f427xx.o(RESET) refers to stm32f4xx_it.o(i.DebugMon_Handler) for DebugMon_Handler
    startup_stm32f427xx.o(RESET) refers to stm32f4xx_it.o(i.PendSV_Handler) for PendSV_Handler
    startup_stm32f427xx.o(RESET) refers to stm32f4xx_it.o(i.SysTick_Handler) for SysTick_Handler
    startup_stm32f427xx.o(RESET) refers to stm32f4xx_it.o(i.EXTI0_IRQHandler) for EXTI0_IRQHandler
    startup_stm32f427xx.o(RESET) refers to stm32f4xx_it.o(i.EXTI1_IRQHandler) for EXTI1_IRQHandler
    startup_stm32f427xx.o(RESET) refers to stm32f4xx_it.o(i.EXTI4_IRQHandler) for EXTI4_IRQHandler
    startup_stm32f427xx.o(RESET) refers to stm32f4xx_it.o(i.CAN1_RX0_IRQHandler) for CAN1_RX0_IRQHandler
    startup_stm32f427xx.o(RESET) refers to stm32f4xx_it.o(i.EXTI9_5_IRQHandler) for EXTI9_5_IRQHandler
    startup_stm32f427xx.o(RESET) refers to stm32f4xx_it.o(i.TIM2_IRQHandler) for TIM2_IRQHandler
    startup_stm32f427xx.o(RESET) refers to stm32f4xx_it.o(i.EXTI15_10_IRQHandler) for EXTI15_10_IRQHandler
    startup_stm32f427xx.o(RESET) refers to stm32f4xx_it.o(i.DMA2_Stream2_IRQHandler) for DMA2_Stream2_IRQHandler
    startup_stm32f427xx.o(.text) refers to system_stm32f4xx.o(i.SystemInit) for SystemInit
    startup_stm32f427xx.o(.text) refers to entry.o(.ARM.Collect$$$$00000000) for __main
    get_data.o(i.CANfilterConf) refers to stm32f4xx_hal_can.o(i.HAL_CAN_ConfigFilter) for HAL_CAN_ConfigFilter
    get_data.o(i.CANfilterConf) refers to get_data.o(.bss) for .bss
    get_data.o(i.CANfilterConf) refers to can.o(.bss) for hcan1
    get_data.o(i.RemoteDataProcess) refers to get_data.o(.bss) for .bss
    get_data.o(i.Send_message) refers to stm32f4xx_hal_can.o(i.HAL_CAN_AddTxMessage) for HAL_CAN_AddTxMessage
    get_data.o(i.Send_message) refers to can.o(.bss) for hcan1
    runfunction.o(i.HAL_TIM_PeriodElapsedCallback) refers to runfunction.o(.data) for .data
    runfunction.o(i.get_number) refers to stm32f4xx_hal.o(i.HAL_GetTick) for HAL_GetTick
    runfunction.o(i.get_number) refers to rand.o(.text) for srand
    runfunction.o(i.get_number) refers to runfunction.o(.data) for .data
    runfunction.o(i.led_off) refers to stm32f4xx_hal_gpio.o(i.HAL_GPIO_WritePin) for HAL_GPIO_WritePin
    runfunction.o(i.middleLED) refers to stm32f4xx_hal_gpio.o(i.HAL_GPIO_WritePin) for HAL_GPIO_WritePin
    main.o(i.SystemClock_Config) refers to memseta.o(.text) for __aeabi_memclr4
    main.o(i.SystemClock_Config) refers to stm32f4xx_hal_rcc.o(i.HAL_RCC_OscConfig) for HAL_RCC_OscConfig
    main.o(i.SystemClock_Config) refers to stm32f4xx_hal_rcc.o(i.HAL_RCC_ClockConfig) for HAL_RCC_ClockConfig
    main.o(i.main) refers to stm32f4xx_hal.o(i.HAL_Init) for HAL_Init
    main.o(i.main) refers to main.o(i.SystemClock_Config) for SystemClock_Config
    main.o(i.main) refers to gpio.o(i.MX_GPIO_Init) for MX_GPIO_Init
    main.o(i.main) refers to dma.o(i.MX_DMA_Init) for MX_DMA_Init
    main.o(i.main) refers to can.o(i.MX_CAN1_Init) for MX_CAN1_Init
    main.o(i.main) refers to usart.o(i.MX_USART1_UART_Init) for MX_USART1_UART_Init
    main.o(i.main) refers to tim.o(i.MX_TIM2_Init) for MX_TIM2_Init
    main.o(i.main) refers to spi.o(i.MX_SPI5_Init) for MX_SPI5_Init
    main.o(i.main) refers to runfunction.o(i.led_off) for led_off
    main.o(i.main) refers to bsp_imu_1.o(i.mpu_device_init) for mpu_device_init
    main.o(i.main) refers to bsp_imu_1.o(i.init_quaternion) for init_quaternion
    main.o(i.main) refers to get_data.o(i.CANfilterConf) for CANfilterConf
    main.o(i.main) refers to stm32f4xx_hal_uart.o(i.HAL_UART_Receive_DMA) for HAL_UART_Receive_DMA
    main.o(i.main) refers to stm32f4xx_hal_can.o(i.HAL_CAN_Start) for HAL_CAN_Start
    main.o(i.main) refers to pid.o(i.Chassis_pid_init) for Chassis_pid_init
    main.o(i.main) refers to runfunction.o(i.get_number) for get_number
    main.o(i.main) refers to runfunction.o(i.middleLED) for middleLED
    main.o(i.main) refers to stm32f4xx_hal_tim.o(i.HAL_TIM_Base_Start_IT) for HAL_TIM_Base_Start_IT
    main.o(i.main) refers to bsp_imu_1.o(i.mpu_get_data) for mpu_get_data
[...]
    Removing stm32f4xx_hal_cortex.o(i.HAL_MPU_Disable), (28 bytes).
    Removing stm32f4xx_hal_cortex.o(i.HAL_MPU_Enable), (36 bytes).
    Removing stm32f4xx_hal_cortex.o(i.HAL_NVIC_ClearPendingIRQ), (26 bytes).
    Removing stm32f4xx_hal_cortex.o(i.HAL_NVIC_DisableIRQ), (34 bytes).
    Removing stm32f4xx_hal_cortex.o(i.HAL_NVIC_GetActive), (36 bytes).
    Removing stm32f4xx_hal_cortex.o(i.HAL_NVIC_GetPendingIRQ), (36 bytes).
    Removing stm32f4xx_hal_cortex.o(i.HAL_NVIC_GetPriority), (82 bytes).
    Removing stm32f4xx_hal_cortex.o(i.HAL_NVIC_GetPriorityGrouping), (16 bytes).
    Removing stm32f4xx_hal_cortex.o(i.HAL_NVIC_SetPendingIRQ), (26 bytes).
    Removing stm32f4xx_hal_cortex.o(i.HAL_NVIC_SystemReset), (36 bytes).
    Removing stm32f4xx_hal_cortex.o(i.HAL_SYSTICK_CLKSourceConfig), (24 bytes).
    Removing stm32f4xx_hal_cortex.o(i.HAL_SYSTICK_Callback), (2 bytes).
    Removing stm32f4xx_hal_cortex.o(i.HAL_SYSTICK_IRQHandler), (8 bytes).
    Removing stm32f4xx_hal.o(.rev16_text), (4 bytes).
    Removing stm32f4xx_hal.o(.revsh_text), (4 bytes).
    Removing stm32f4xx_hal.o(.rrx_text), (6 bytes).
    Removing stm32f4xx_hal.o(i.HAL_DBGMCU_DisableDBGSleepMode), (16 bytes).
    Removing stm32f4xx_hal.o(i.HAL_DBGMCU_DisableDBGStandbyMode), (16 bytes).
    Removing stm32f4xx_hal.o(i.HAL_DBGMCU_DisableDBGStopMode), (16 bytes).
    Removing stm32f4xx_hal.o(i.HAL_DBGMCU_EnableDBGSleepMode), (16 bytes).
    Removing stm32f4xx_hal.o(i.HAL_DBGMCU_EnableDBGStandbyMode), (16 bytes).
    Removing stm32f4xx_hal.o(i.HAL_DBGMCU_EnableDBGStopMode), (16 bytes).
    Removing stm32f4xx_hal.o(i.HAL_DeInit), (52 bytes).
    Removing stm32f4xx_hal.o(i.HAL_DisableCompensationCell), (12 bytes).
    Removing stm32f4xx_hal.o(i.HAL_DisableMemorySwappingBank), (12 bytes).
    Removing stm32f4xx_hal.o(i.HAL_EnableCompensationCell), (12 bytes).
    Removing stm32f4xx_hal.o(i.HAL_EnableMemorySwappingBank), (12 bytes).
    Removing stm32f4xx_hal.o(i.HAL_GetDEVID), (16 bytes).
    Removing stm32f4xx_hal.o(i.HAL_GetHalVersion), (8 bytes).
    Removing stm32f4xx_hal.o(i.HAL_GetREVID), (12 bytes).
    Removing stm32f4xx_hal.o(i.HAL_GetTickFreq), (12 bytes).
    Removing stm32f4xx_hal.o(i.HAL_GetTickPrio), (12 bytes).
    Removing stm32f4xx_hal.o(i.HAL_GetUIDw0), (12 bytes).
    Removing stm32f4xx_hal.o(i.HAL_GetUIDw1), (12 bytes).
    Removing stm32f4xx_hal.o(i.HAL_GetUIDw2), (12 bytes).
    Removing stm32f4xx_hal.o(i.HAL_MspDeInit), (2 bytes).
    Removing stm32f4xx_hal.o(i.HAL_MspInit), (2 bytes).
    Removing stm32f4xx_hal.o(i.HAL_ResumeTick), (14 bytes).
    Removing stm32f4xx_hal.o(i.HAL_SetTickFreq), (36 bytes).
    Removing stm32f4xx_hal.o(i.HAL_SuspendTick), (14 bytes).
    Removing stm32f4xx_hal_exti.o(.rev16_text), (4 bytes).
    Removing stm32f4xx_hal_exti.o(.revsh_text), (4 bytes).
    Removing stm32f4xx_hal_exti.o(.rrx_text), (6 bytes).
    Removing stm32f4xx_hal_exti.o(i.HAL_EXTI_ClearConfigLine), (108 bytes).
    Removing stm32f4xx_hal_exti.o(i.HAL_EXTI_ClearPending), (20 bytes).
    Removing stm32f4xx_hal_exti.o(i.HAL_EXTI_GenerateSWI), (20 bytes).
    Removing stm32f4xx_hal_exti.o(i.HAL_EXTI_GetConfigLine), (156 bytes).
    Removing stm32f4xx_hal_exti.o(i.HAL_EXTI_GetHandle), (12 bytes).
    Removing stm32f4xx_hal_exti.o(i.HAL_EXTI_GetPending), (24 bytes).
    Removing stm32f4xx_hal_exti.o(i.HAL_EXTI_IRQHandler), (36 bytes).
    Removing stm32f4xx_hal_exti.o(i.HAL_EXTI_RegisterCallback), (14 bytes).
    Removing stm32f4xx_hal_exti.o(i.HAL_EXTI_SetConfigLine), (168 bytes).
    Removing system_stm32f4xx.o(.rev16_text), (4 bytes).
    Removing system_stm32f4xx.o(.revsh_text), (4 bytes).
    Removing system_stm32f4xx.o(.rrx_text), (6 bytes).
    Removing system_stm32f4xx.o(i.SystemCoreClockUpdate), (124 bytes).
    Removing bsp_imu_1.o(.rev16_text), (4 bytes).
    Removing bsp_imu_1.o(.revsh_text), (4 bytes).
    Removing bsp_imu_1.o(.rrx_text), (6 bytes).
    Removing bsp_imu_1.o(i.imu_ahrs_update), (1194 bytes).
    Removing bsp_imu_1.o(i.imu_attitude_update), (372 bytes).
    Removing bsp_imu_1.o(i.inv_sqrt), (44 bytes).
    Removing dmul.o(.text), (228 bytes).
    Removing f2d.o(.text), (38 bytes).
    Removing d2f.o(.text), (56 bytes).
    Removing fepilogue.o(.text), (110 bytes).
    Removing dadd.o(.text), (334 bytes).
    Removing ddiv.o(.text), (222 bytes).
    Removing dneg.o(.text), (6 bytes).
    Removing dsqrt.o(.text), (162 bytes).
    Removing cdcmple.o(.text), (48 bytes).

509 unused section(s) (total 34972 bytes) removed from the image.

==============================================================================

Image Symbol Table

    Local Symbols

    Symbol Name                              Value     Ov Type        Size  Object(Section)

    ../Drivers/STM32F4xx_HAL_Driver/Src/stm32f4xx_hal.c 0x00000000   Number         0  stm32f4xx_hal.o ABSOLUTE
    ../Drivers/STM32F4xx_HAL_Driver/Src/stm32f4xx_hal_can.c 0x00000000   Number         0  stm32f4xx_hal_can.o ABSOLUTE
    ../Drivers/STM32F4xx_HAL_Driver/Src/stm32f4xx_hal_cortex.c 0x00000000   Number         0  stm32f4xx_hal_cortex.o ABSOLUTE
    ../Drivers/STM32F4xx_HAL_Driver/Src/stm32f4xx_hal_dma.c 0x00000000   Number         0  stm32f4xx_hal_dma.o ABSOLUTE
    ../Drivers/STM32F4xx_HAL_Driver/Src/stm32f4xx_hal_dma_ex.c 0x00000000   Number         0  stm32f4xx_hal_dma_ex.o ABSOLUTE
    ../Drivers/STM32F4xx_HAL_Driver/Src/stm32f4xx_hal_exti.c 0x00000000   Number         0  stm32f4xx_hal_exti.o ABSOLUTE
    ../Drivers/STM32F4xx_HAL_Driver/Src/stm32f4xx_hal_flash.c 0x00000000   Number         0  stm32f4xx_hal_flash.o ABSOLUTE
    ../Drivers/STM32F4xx_HAL_Driver/Src/stm32f4xx_hal_flash_ex.c 0x00000000   Number         0  stm32f4xx_hal_flash_ex.o ABSOLUTE
    ../Drivers/STM32F4xx_HAL_Driver/Src/stm32f4xx_hal_flash_ramfunc.c 0x00000000   Number         0  stm32f4xx_hal_flash_ramfunc.o ABSOLUTE
    ../Drivers/STM32F4xx_HAL_Driver/Src/stm32f4xx_hal_gpio.c 0x00000000   Number         0  stm32f4xx_hal_gpio.o ABSOLUTE
    ../Drivers/STM32F4xx_HAL_Driver/Src/stm32f4xx_hal_pwr.c 0x00000000   Number         0  stm32f4xx_hal_pwr.o ABSOLUTE
    ../Drivers/STM32F4xx_HAL_Driver/Src/stm32f4xx_hal_pwr_ex.c 0x00000000   Number         0  stm32f4xx_hal_pwr_ex.o ABSOLUTE
    ../Drivers/STM32F4xx_HAL_Driver/Src/stm32f4xx_hal_rcc.c 0x00000000   Number         0  stm32f4xx_hal_rcc.o ABSOLUTE
    ../Drivers/STM32F4xx_HAL_Driver/Src/stm32f4xx_hal_rcc_ex.c 0x00000000   Number         0  stm32f4xx_hal_rcc_ex.o ABSOLUTE
    ../Drivers/STM32F4xx_HAL_Driver/Src/stm32f4xx_hal_spi.c 0x00000000   Number         0  stm32f4xx_hal_spi.o ABSOLUTE
    ../Drivers/STM32F4xx_HAL_Driver/Src/stm32f4xx_hal_tim.c 0x00000000   Number         0  stm32f4xx_hal_tim.o ABSOLUTE
    ../Drivers/STM32F4xx_HAL_Driver/Src/stm32f4xx_hal_tim_ex.c 0x00000000   Number         0  stm32f4xx_hal_tim_ex.o ABSOLUTE
    ../Drivers/STM32F4xx_HAL_Driver/Src/stm32f4xx_hal_uart.c 0x00000000   Number         0  stm32f4xx_hal_uart.o ABSOLUTE
    ../Src/can.c                             0x00000000   Number         0  can.o ABSOLUTE
    ../Src/dma.c                             0x00000000   Number         0  dma.o ABSOLUTE
    ../Src/gpio.c                            0x00000000   Number         0  gpio.o ABSOLUTE
    ../Src/main.c                            0x00000000   Number         0  main.o ABSOLUTE
    ../Src/spi.c                             0x00000000   Number         0  spi.o ABSOLUTE
    ../Src/stm32f4xx_hal_msp.c               0x00000000   Number         0  stm32f4xx_hal_msp.o ABSOLUTE
    ../Src/stm32f4xx_it.c                    0x00000000   Number         0  stm32f4xx_it.o ABSOLUTE
    ../Src/system_stm32f4xx.c                0x00000000   Number         0  system_stm32f4xx.o ABSOLUTE
    ../Src/tim.c                             0x00000000   Number         0  tim.o ABSOLUTE
    ../Src/usart.c                           0x00000000   Number         0  usart.o ABSOLUTE
    ../clib/microlib/division.c              0x00000000   Number         0  uldiv.o ABSOLUTE
    ../clib/microlib/errno.c                 0x00000000   Number         0  errno.o ABSOLUTE
    ../clib/microlib/init/entry.s            0x00000000   Number         0  entry7b.o ABSOLUTE
    ../clib/microlib/init/entry.s            0x00000000   Number         0  entry10b.o ABSOLUTE
    ../clib/microlib/init/entry.s            0x00000000   Number         0  entry7a.o ABSOLUTE
    ../clib/microlib/init/entry.s            0x00000000   Number         0  entry.o ABSOLUTE
    ../clib/microlib/init/entry.s            0x00000000   Number         0  entry11a.o ABSOLUTE
    ../clib/microlib/init/entry.s            0x00000000   Number         0  entry11b.o ABSOLUTE
    ../clib/microlib/init/entry.s            0x00000000   Number         0  entry9a.o ABSOLUTE
    ../clib/microlib/init/entry.s            0x00000000   Number         0  entry9b.o ABSOLUTE
    ../clib/microlib/init/entry.s            0x00000000   Number         0  entry2.o ABSOLUTE
    ../clib/microlib/init/entry.s            0x00000000   Number         0  entry5.o ABSOLUTE
    ../clib/microlib/init/entry.s            0x00000000   Number         0  entry8b.o ABSOLUTE
    ../clib/microlib/init/entry.s            0x00000000   Number         0  entry10a.o ABSOLUTE
    ../clib/microlib/init/entry.s            0x00000000   Number         0  entry8a.o ABSOLUTE
    ../clib/microlib/longlong.c              0x00000000   Number         0  llushr.o ABSOLUTE
    ../clib/microlib/longlong.c              0x00000000   Number         0  llsshr.o ABSOLUTE
    ../clib/microlib/longlong.c              0x00000000   Number         0  llshl.o ABSOLUTE
    ../clib/microlib/stdlib/rand.c           0x00000000   Number         0  rand.o ABSOLUTE
    ../clib/microlib/string/memcpy.c         0x00000000   Number         0  memcpya.o ABSOLUTE
    ../clib/microlib/string/memcpy.c         0x00000000   Number         0  memcpyb.o ABSOLUTE
    ../clib/microlib/string/memset.c         0x00000000   Number         0  memseta.o ABSOLUTE
    ../clib/microlib/stubs.s                 0x00000000   Number         0  iusefp.o ABSOLUTE
    ../fplib/microlib/d2f.c                  0x00000000   Number         0  d2f.o ABSOLUTE
    ../fplib/microlib/f2d.c                  0x00000000   Number         0  f2d.o ABSOLUTE
    ../fplib/microlib/fpadd.c                0x00000000   Number         0  dadd.o ABSOLUTE
    ../fplib/microlib/fpdiv.c                0x00000000   Number         0  ddiv.o ABSOLUTE
    ../fplib/microlib/fpepilogue.c           0x00000000   Number         0  fepilogue.o ABSOLUTE
    ../fplib/microlib/fpepilogue.c           0x00000000   Number         0  depilogue.o ABSOLUTE
    ../fplib/microlib/fpflt.c                0x00000000   Number         0  dflti.o ABSOLUTE
    ../fplib/microlib/fpmul.c                0x00000000   Number         0  dmul.o ABSOLUTE
    ../fplib/microlib/fpneg.c                0x00000000   Number         0  dneg.o ABSOLUTE
    ../fplib/microlib/fpsqrt.c               0x00000000   Number         0  dsqrt.o ABSOLUTE
    ../mathlib/asin.c                        0x00000000   Number         0  asin.o ABSOLUTE
    ../mathlib/asin.c                        0x00000000   Number         0  asin_x.o ABSOLUTE
    ../mathlib/atan.c                        0x00000000   Number         0  atan_x.o ABSOLUTE
    ../mathlib/atan.c                        0x00000000   Number         0  atan.o ABSOLUTE
    ../mathlib/atan2.c                       0x00000000   Number         0  atan2.o ABSOLUTE
    ../mathlib/atan2.c                       0x00000000   Number         0  atan2_x.o ABSOLUTE
    ../mathlib/dunder.c                      0x00000000   Number         0  dunder.o ABSOLUTE
    ../mathlib/fabs.c                        0x00000000   Number         0  fabs.o ABSOLUTE
    ../mathlib/fpclassify.c                  0x00000000   Number         0  fpclassify.o ABSOLUTE
    ../mathlib/poly.c                        0x00000000   Number         0  poly.o ABSOLUTE
    ../mathlib/qnan.c                        0x00000000   Number         0  qnan.o ABSOLUTE
    ../mathlib/sqrt.c                        0x00000000   Number         0  sqrt_x.o ABSOLUTE
    ../mathlib/sqrt.c                        0x00000000   Number         0  sqrt.o ABSOLUTE
    ..\Drivers\STM32F4xx_HAL_Driver\Src\stm32f4xx_hal.c 0x00000000   Number         0  stm32f4xx_hal.o ABSOLUTE
    ..\Drivers\STM32F4xx_HAL_Driver\Src\stm32f4xx_hal_can.c 0x00000000   Number         0  stm32f4xx_hal_can.o ABSOLUTE
    ..\Drivers\STM32F4xx_HAL_Driver\Src\stm32f4xx_hal_cortex.c 0x00000000   Number         0  stm32f4xx_hal_cortex.o ABSOLUTE
    ..\Drivers\STM32F4xx_HAL_Driver\Src\stm32f4xx_hal_dma.c 0x00000000   Number         0  stm32f4xx_hal_dma.o ABSOLUTE
    ..\Drivers\STM32F4xx_HAL_Driver\Src\stm32f4xx_hal_dma_ex.c 0x00000000   Number         0  stm32f4xx_hal_dma_ex.o ABSOLUTE
    ..\Drivers\STM32F4xx_HAL_Driver\Src\stm32f4xx_hal_exti.c 0x00000000   Number         0  stm32f4xx_hal_exti.o ABSOLUTE
    ..\Drivers\STM32F4xx_HAL_Driver\Src\stm32f4xx_hal_flash.c 0x00000000   Number         0  stm32f4xx_hal_flash.o ABSOLUTE
    ..\Drivers\STM32F4xx_HAL_Driver\Src\stm32f4xx_hal_flash_ex.c 0x00000000   Number         0  stm32f4xx_hal_flash_ex.o ABSOLUTE
    ..\Drivers\STM32F4xx_HAL_Driver\Src\stm32f4xx_hal_flash_ramfunc.c 0x00000000   Number         0  stm32f4xx_hal_flash_ramfunc.o ABSOLUTE
    ..\Drivers\STM32F4xx_HAL_Driver\Src\stm32f4xx_hal_gpio.c 0x00000000   Number         0  stm32f4xx_hal_gpio.o ABSOLUTE
    ..\Drivers\STM32F4xx_HAL_Driver\Src\stm32f4xx_hal_pwr.c 0x00000000   Number         0  stm32f4xx_hal_pwr.o ABSOLUTE
    ..\Drivers\STM32F4xx_HAL_Driver\Src\stm32f4xx_hal_pwr_ex.c 0x00000000   Number         0  stm32f4xx_hal_pwr_ex.o ABSOLUTE
    ..\Drivers\STM32F4xx_HAL_Driver\Src\stm32f4xx_hal_rcc.c 0x00000000   Number         0  stm32f4xx_hal_rcc.o ABSOLUTE
    ..\Drivers\STM32F4xx_HAL_Driver\Src\stm32f4xx_hal_rcc_ex.c 0x00000000   Number         0  stm32f4xx_hal_rcc_ex.o ABSOLUTE
    ..\Drivers\STM32F4xx_HAL_Driver\Src\stm32f4xx_hal_spi.c 0x00000000   Number         0  stm32f4xx_hal_spi.o ABSOLUTE
    ..\Drivers\STM32F4xx_HAL_Driver\Src\stm32f4xx_hal_tim.c 0x00000000   Number         0  stm32f4xx_hal_tim.o ABSOLUTE
    ..\Drivers\STM32F4xx_HAL_Driver\Src\stm32f4xx_hal_tim_ex.c 0x00000000   Number         0  stm32f4xx_hal_tim_ex.o ABSOLUTE
    ..\Drivers\STM32F4xx_HAL_Driver\Src\stm32f4xx_hal_uart.c 0x00000000   Number         0  stm32f4xx_hal_uart.o ABSOLUTE
    ..\Src\can.c                             0x00000000   Number         0  can.o ABSOLUTE
    ..\Src\dma.c                             0x00000000   Number         0  dma.o ABSOLUTE
    ..\Src\get_data.c                        0x00000000   Number         0  get_data.o ABSOLUTE
    ..\Src\gpio.c                            0x00000000   Number         0  gpio.o ABSOLUTE
    ..\Src\main.c                            0x00000000   Number         0  main.o ABSOLUTE
    ..\Src\pid.c                             0x00000000   Number         0  pid.o ABSOLUTE
    ..\Src\runfunction.c                     0x00000000   Number         0  runfunction.o ABSOLUTE
    ..\Src\spi.c                             0x00000000   Number         0  spi.o ABSOLUTE
    ..\Src\stm32f4xx_hal_msp.c               0x00000000   Number         0  stm32f4xx_hal_msp.o ABSOLUTE
    ..\Src\stm32f4xx_it.c                    0x00000000   Number         0  stm32f4xx_it.o ABSOLUTE
    ..\Src\system_stm32f4xx.c                0x00000000   Number         0  system_stm32f4xx.o ABSOLUTE
    ..\Src\tim.c                             0x00000000   Number         0  tim.o ABSOLUTE
    ..\Src\usart.c                           0x00000000   Number         0  usart.o ABSOLUTE
    ..\\Src\\get_data.c                      0x00000000   Number         0  get_data.o ABSOLUTE
    ..\\Src\\pid.c                           0x00000000   Number         0  pid.o ABSOLUTE
    ..\\Src\\runfunction.c                   0x00000000   Number         0  runfunction.o ABSOLUTE
    bsp\\bsp_imu.c                           0x00000000   Number         0  bsp_imu_1.o ABSOLUTE
    bsp\bsp_imu.c                            0x00000000   Number         0  bsp_imu_1.o ABSOLUTE
    cdcmple.s                                0x00000000   Number         0  cdcmple.o ABSOLUTE
    cdrcmple.s                               0x00000000   Number         0  cdrcmple.o ABSOLUTE
    dc.s                                     0x00000000   Number         0  dc.o ABSOLUTE
    handlers.s                               0x00000000   Number         0  handlers.o ABSOLUTE
    init.s                                   0x00000000   Number         0  init.o ABSOLUTE
    startup_stm32f427xx.s                    0x00000000   Number         0  startup_stm32f427xx.o ABSOLUTE
    RESET                                    0x08000000   Section      428  startup_stm32f427xx.o(RESET)
    .ARM.Collect$$$$00000000                 0x080001ac   Section        0  entry.o(.ARM.Collect$$$$00000000)
    .ARM.Collect$$$$00000001                 0x080001ac   Section        4  entry2.o(.ARM.Collect$$$$00000001)
    .ARM.Collect$$$$00000004                 0x080001b0   Section        4  entry5.o(.ARM.Collect$$$$00000004)
    .ARM.Collect$$$$00000008                 0x080001b4   Section        0  entry7b.o(.ARM.Collect$$$$00000008)
    .ARM.Collect$$$$0000000A                 0x080001b4   Section        0  entry8b.o(.ARM.Collect$$$$0000000A)
    .ARM.Collect$$$$0000000B                 0x080001b4   Section        8  entry9a.o(.ARM.Collect$$$$0000000B)
    .ARM.Collect$$$$0000000D                 0x080001bc   Section        0  entry10a.o(.ARM.Collect$$$$0000000D)
    .ARM.Collect$$$$0000000F                 0x080001bc   Section        0  entry11a.o(.ARM.Collect$$$$0000000F)
    .ARM.Collect$$$$00002712                 0x080001bc   Section        4  entry2.o(.ARM.Collect$$$$00002712)
    __lit__00000000                          0x080001bc   Data           4  entry2.o(.ARM.Collect$$$$00002712)
    .text                                    0x080001c0   Section       36  startup_stm32f427xx.o(.text)
    $v0                                      0x080001c0   Number         0  startup_stm32f427xx.o(.text)
    .text                                    0x080001e4   Section        0  uldiv.o(.text)
    .text                                    0x08000248   Section        0  rand.o(.text)
    .text                                    0x0800026c   Section        0  memcpya.o(.text)
    .text                                    0x08000290   Section        0  memseta.o(.text)
    .text                                    0x080002b4   Section        0  dflti.o(.text)
    .text                                    0x080002d8   Section       48  cdrcmple.o(.text)
    .text                                    0x08000308   Section        0  llshl.o(.text)
    .text                                    0x08000326   Section        0  llushr.o(.text)
    .text                                    0x08000346   Section        0  iusefp.o(.text)
    .text                                    0x08000346   Section        0  depilogue.o(.text)
    .text                                    0x08000400   Section       36  init.o(.text)
    i.BusFault_Handler                       0x08000424   Section        0  stm32f4xx_it.o(i.BusFault_Handler)
    i.CAN1_RX0_IRQHandler                    0x08000428   Section        0  stm32f4xx_it.o(i.CAN1_RX0_IRQHandler)
    i.CANfilterConf                          0x08000434   Section        0  get_data.o(i.CANfilterConf)
    i.Chassis_pid_init                       0x0800046c   Section        0  pid.o(i.Chassis_pid_init)
    i.DMA2_Stream2_IRQHandler                0x080004c4   Section        0  stm32f4xx_it.o(i.DMA2_Stream2_IRQHandler)
    i.DMA_CalcBaseAndBitshift                0x080004d0   Section        0  stm32f4xx_hal_dma.o(i.DMA_CalcBaseAndBitshift)
    DMA_CalcBaseAndBitshift                  0x080004d1   Thumb Code    34  stm32f4xx_hal_dma.o(i.DMA_CalcBaseAndBitshift)
    i.DMA_CheckFifoParam                     0x080004f8   Section        0  stm32f4xx_hal_dma.o(i.DMA_CheckFifoParam)
    DMA_CheckFifoParam                       0x080004f9   Thumb Code    84  stm32f4xx_hal_dma.o(i.DMA_CheckFifoParam)
    i.DMA_SetConfig                          0x0800054c   Section        0  stm32f4xx_hal_dma.o(i.DMA_SetConfig)
    DMA_SetConfig                            0x0800054d   Thumb Code    40  stm32f4xx_hal_dma.o(i.DMA_SetConfig)
    i.DebugMon_Handler                       0x08000574   Section        0  stm32f4xx_it.o(i.DebugMon_Handler)
    i.EXTI0_IRQHandler                       0x08000578   Section        0  stm32f4xx_it.o(i.EXTI0_IRQHandler)
    i.EXTI15_10_IRQHandler                   0x08000650   Section        0  stm32f4xx_it.o(i.EXTI15_10_IRQHandler)
    i.EXTI1_IRQHandler                       0x0800072c   Section        0  stm32f4xx_it.o(i.EXTI1_IRQHandler)
    i.EXTI4_IRQHandler                       0x08000804   Section        0  stm32f4xx_it.o(i.EXTI4_IRQHandler)
    i.EXTI9_5_IRQHandler                     0x080008dc   Section        0  stm32f4xx_it.o(i.EXTI9_5_IRQHandler)
    i.Error_Handler                          0x080009b8   Section        0  main.o(i.Error_Handler)
    i.HAL_CAN_ConfigFilter                   0x080009bc   Section        0  stm32f4xx_hal_can.o(i.HAL_CAN_ConfigFilter)
    i.HAL_CAN_ErrorCallback                  0x08000ac8   Section        0  stm32f4xx_hal_can.o(i.HAL_CAN_ErrorCallback)
    i.HAL_CAN_IRQHandler                     0x08000aca   Section        0  stm32f4xx_hal_can.o(i.HAL_CAN_IRQHandler)
    i.HAL_CAN_Init                           0x08000cc6   Section        0  stm32f4xx_hal_can.o(i.HAL_CAN_Init)
    i.HAL_CAN_MspInit                        0x08000de0   Section        0  can.o(i.HAL_CAN_MspInit)
    i.HAL_CAN_RxFifo0FullCallback            0x08000e58   Section        0  stm32f4xx_hal_can.o(i.HAL_CAN_RxFifo0FullCallback)
    i.HAL_CAN_RxFifo0MsgPendingCallback      0x08000e5a   Section        0  stm32f4xx_hal_can.o(i.HAL_CAN_RxFifo0MsgPendingCallback)
    i.HAL_CAN_RxFifo1FullCallback            0x08000e5c   Section        0  stm32f4xx_hal_can.o(i.HAL_CAN_RxFifo1FullCallback)
    i.HAL_CAN_RxFifo1MsgPendingCallback      0x08000e5e   Section        0  stm32f4xx_hal_can.o(i.HAL_CAN_RxFifo1MsgPendingCallback)
    i.HAL_CAN_SleepCallback                  0x08000e60   Section        0  stm32f4xx_hal_can.o(i.HAL_CAN_SleepCallback)
    i.HAL_CAN_Start                          0x08000e64   Section        0  stm32f4xx_hal_can.o(i.HAL_CAN_Start)
    i.HAL_CAN_TxMailbox0AbortCallback        0x08000ebc   Section        0  stm32f4xx_hal_can.o(i.HAL_CAN_TxMailbox0AbortCallback)
    i.HAL_CAN_TxMailbox0CompleteCallback     0x08000ebe   Section        0  stm32f4xx_hal_can.o(i.HAL_CAN_TxMailbox0CompleteCallback)
    i.HAL_CAN_TxMailbox1AbortCallback        0x08000ec0   Section        0  stm32f4xx_hal_can.o(i.HAL_CAN_TxMailbox1AbortCallback)
    i.HAL_CAN_TxMailbox1CompleteCallback     0x08000ec2   Section        0  stm32f4xx_hal_can.o(i.HAL_CAN_TxMailbox1CompleteCallback)
    i.HAL_CAN_TxMailbox2AbortCallback        0x08000ec4   Section        0  stm32f4xx_hal_can.o(i.HAL_CAN_TxMailbox2AbortCallback)
    i.HAL_CAN_TxMailbox2CompleteCallback     0x08000ec6   Section        0  stm32f4xx_hal_can.o(i.HAL_CAN_TxMailbox2CompleteCallback)
    i.HAL_CAN_WakeUpFromRxMsgCallback        0x08000ec8   Section        0  stm32f4xx_hal_can.o(i.HAL_CAN_WakeUpFromRxMsgCallback)
    i.HAL_DMA_IRQHandler                     0x08000ecc   Section        0  stm32f4xx_hal_dma.o(i.HAL_DMA_IRQHandler)
    i.HAL_DMA_Init                           0x0800106c   Section        0  stm32f4xx_hal_dma.o(i.HAL_DMA_Init)
    i.HAL_DMA_Start_IT                       0x08001140   Section        0  stm32f4xx_hal_dma.o(i.HAL_DMA_Start_IT)
    i.HAL_Delay                              0x080011b0   Section        0  stm32f4xx_hal.o(i.HAL_Delay)
    i.HAL_GPIO_Init                          0x080011d4   Section        0  stm32f4xx_hal_gpio.o(i.HAL_GPIO_Init)
    i.HAL_GPIO_ReadPin                       0x080013a8   Section        0  stm32f4xx_hal_gpio.o(i.HAL_GPIO_ReadPin)
    i.HAL_GPIO_WritePin                      0x080013b2   Section        0  stm32f4xx_hal_gpio.o(i.HAL_GPIO_WritePin)
    i.HAL_GetTick                            0x080013bc   Section        0  stm32f4xx_hal.o(i.HAL_GetTick)
    i.HAL_IncTick                            0x080013c8   Section        0  stm32f4xx_hal.o(i.HAL_IncTick)
    i.HAL_Init                               0x080013d8   Section        0  stm32f4xx_hal.o(i.HAL_Init)
    i.HAL_InitTick                           0x0800140c   Section        0  stm32f4xx_hal.o(i.HAL_InitTick)
    i.HAL_MspInit                            0x0800144c   Section        0  stm32f4xx_hal_msp.o(i.HAL_MspInit)
    i.HAL_NVIC_EnableIRQ                     0x0800147c   Section        0  stm32f4xx_hal_cortex.o(i.HAL_NVIC_EnableIRQ)
    i.HAL_NVIC_SetPriority                   0x08001498   Section        0  stm32f4xx_hal_cortex.o(i.HAL_NVIC_SetPriority)
    i.HAL_NVIC_SetPriorityGrouping           0x080014d8   Section        0  stm32f4xx_hal_cortex.o(i.HAL_NVIC_SetPriorityGrouping)
    i.HAL_RCC_ClockConfig                    0x080014fc   Section        0  stm32f4xx_hal_rcc.o(i.HAL_RCC_ClockConfig)
    i.HAL_RCC_GetPCLK1Freq                   0x08001630   Section        0  stm32f4xx_hal_rcc.o(i.HAL_RCC_GetPCLK1Freq)
    i.HAL_RCC_GetPCLK2Freq                   0x08001650   Section        0  stm32f4xx_hal_rcc.o(i.HAL_RCC_GetPCLK2Freq)
    i.HAL_RCC_GetSysClockFreq                0x08001670   Section        0  stm32f4xx_hal_rcc.o(i.HAL_RCC_GetSysClockFreq)
    i.HAL_RCC_OscConfig                      0x080016d4   Section        0  stm32f4xx_hal_rcc.o(i.HAL_RCC_OscConfig)
    i.HAL_SPI_Init                           0x08001a30   Section        0  stm32f4xx_hal_spi.o(i.HAL_SPI_Init)
    i.HAL_SPI_MspInit                        0x08001ab0   Section        0  spi.o(i.HAL_SPI_MspInit)
    i.HAL_SPI_TransmitReceive                0x08001b1c   Section        0  stm32f4xx_hal_spi.o(i.HAL_SPI_TransmitReceive)
    i.HAL_SYSTICK_Config                     0x08001cfe   Section        0  stm32f4xx_hal_cortex.o(i.HAL_SYSTICK_Config)
    i.HAL_TIMEx_BreakCallback                0x08001d26   Section        0  stm32f4xx_hal_tim_ex.o(i.HAL_TIMEx_BreakCallback)
    i.HAL_TIMEx_CommutCallback               0x08001d28   Section        0  stm32f4xx_hal_tim_ex.o(i.HAL_TIMEx_CommutCallback)
    i.HAL_TIMEx_MasterConfigSynchronization  0x08001d2c   Section        0  stm32f4xx_hal_tim_ex.o(i.HAL_TIMEx_MasterConfigSynchronization)
    i.HAL_TIM_Base_Init                      0x08001dbc   Section        0  stm32f4xx_hal_tim.o(i.HAL_TIM_Base_Init)
    i.HAL_TIM_Base_MspInit                   0x08001df4   Section        0  tim.o(i.HAL_TIM_Base_MspInit)
    i.HAL_TIM_Base_Start_IT                  0x08001e2c   Section        0  stm32f4xx_hal_tim.o(i.HAL_TIM_Base_Start_IT)
    i.HAL_TIM_ConfigClockSource              0x08001e4e   Section        0  stm32f4xx_hal_tim.o(i.HAL_TIM_ConfigClockSource)
    i.HAL_TIM_IC_CaptureCallback             0x08001f24   Section        0  stm32f4xx_hal_tim.o(i.HAL_TIM_IC_CaptureCallback)
    i.HAL_TIM_IRQHandler                     0x08001f26   Section        0  stm32f4xx_hal_tim.o(i.HAL_TIM_IRQHandler)
    i.HAL_TIM_MspPostInit                    0x0800208c   Section        0  tim.o(i.HAL_TIM_MspPostInit)
    i.HAL_TIM_OC_ConfigChannel               0x080020dc   Section        0  stm32f4xx_hal_tim.o(i.HAL_TIM_OC_ConfigChannel)
    i.HAL_TIM_OC_DelayElapsedCallback        0x08002132   Section        0  stm32f4xx_hal_tim.o(i.HAL_TIM_OC_DelayElapsedCallback)
    i.HAL_TIM_OC_Init                        0x08002134   Section        0  stm32f4xx_hal_tim.o(i.HAL_TIM_OC_Init)
    i.HAL_TIM_OC_MspInit                     0x0800216a   Section        0  stm32f4xx_hal_tim.o(i.HAL_TIM_OC_MspInit)
    i.HAL_TIM_PWM_PulseFinishedCallback      0x0800216c   Section        0  stm32f4xx_hal_tim.o(i.HAL_TIM_PWM_PulseFinishedCallback)
    i.HAL_TIM_PeriodElapsedCallback          0x08002170   Section        0  runfunction.o(i.HAL_TIM_PeriodElapsedCallback)
    i.HAL_TIM_TriggerCallback                0x08002184   Section        0  stm32f4xx_hal_tim.o(i.HAL_TIM_TriggerCallback)
    i.HAL_UART_ErrorCallback                 0x08002186   Section        0  stm32f4xx_hal_uart.o(i.HAL_UART_ErrorCallback)
    i.HAL_UART_Init                          0x08002188   Section        0  stm32f4xx_hal_uart.o(i.HAL_UART_Init)
    i.HAL_UART_MspInit                       0x080021ec   Section        0  usart.o(i.HAL_UART_MspInit)
    i.HAL_UART_Receive_DMA                   0x080022a0   Section        0  stm32f4xx_hal_uart.o(i.HAL_UART_Receive_DMA)
    i.HAL_UART_RxCpltCallback                0x08002338   Section        0  stm32f4xx_hal_uart.o(i.HAL_UART_RxCpltCallback)
    i.HAL_UART_RxHalfCpltCallback            0x0800233a   Section        0  stm32f4xx_hal_uart.o(i.HAL_UART_RxHalfCpltCallback)
    i.HardFault_Handler                      0x0800233c   Section        0  stm32f4xx_it.o(i.HardFault_Handler)
    i.MX_CAN1_Init                           0x08002340   Section        0  can.o(i.MX_CAN1_Init)
    i.MX_DMA_Init                            0x08002384   Section        0  dma.o(i.MX_DMA_Init)
    i.MX_GPIO_Init                           0x080023b0   Section        0  gpio.o(i.MX_GPIO_Init)
    i.MX_SPI5_Init                           0x08002598   Section        0  spi.o(i.MX_SPI5_Init)
    i.MX_TIM2_Init                           0x080025e0   Section        0  tim.o(i.MX_TIM2_Init)
    i.MX_USART1_UART_Init                    0x08002674   Section        0  usart.o(i.MX_USART1_UART_Init)
    i.MemManage_Handler                      0x080026b4   Section        0  stm32f4xx_it.o(i.MemManage_Handler)
    i.NMI_Handler                            0x080026b6   Section        0  stm32f4xx_it.o(i.NMI_Handler)
    i.PID_struct_init                        0x080026b8   Section        0  pid.o(i.PID_struct_init)
    i.PendSV_Handler                         0x080026d0   Section        0  stm32f4xx_it.o(i.PendSV_Handler)
    i.SPI_EndRxTxTransaction                 0x080026d4   Section        0  stm32f4xx_hal_spi.o(i.SPI_EndRxTxTransaction)
    SPI_EndRxTxTransaction                   0x080026d5   Thumb Code    80  stm32f4xx_hal_spi.o(i.SPI_EndRxTxTransaction)
    i.SPI_WaitFlagStateUntilTimeout          0x0800272c   Section        0  stm32f4xx_hal_spi.o(i.SPI_WaitFlagStateUntilTimeout)
    SPI_WaitFlagStateUntilTimeout            0x0800272d   Thumb Code   148  stm32f4xx_hal_spi.o(i.SPI_WaitFlagStateUntilTimeout)
    i.SVC_Handler                            0x080027c0   Section        0  stm32f4xx_it.o(i.SVC_Handler)
    i.SysTick_Handler                        0x080027c2   Section        0  stm32f4xx_it.o(i.SysTick_Handler)
    i.SystemClock_Config                     0x080027c8   Section        0  main.o(i.SystemClock_Config)
    i.SystemInit                             0x0800284c   Section        0  system_stm32f4xx.o(i.SystemInit)
    i.TIM2_IRQHandler                        0x08002868   Section        0  stm32f4xx_it.o(i.TIM2_IRQHandler)
    i.TIM_Base_SetConfig                     0x08002874   Section        0  stm32f4xx_hal_tim.o(i.TIM_Base_SetConfig)
    i.TIM_ETR_SetConfig                      0x0800293c   Section        0  stm32f4xx_hal_tim.o(i.TIM_ETR_SetConfig)
    i.TIM_ITRx_SetConfig                     0x08002950   Section        0  stm32f4xx_hal_tim.o(i.TIM_ITRx_SetConfig)
    TIM_ITRx_SetConfig                       0x08002951   Thumb Code    16  stm32f4xx_hal_tim.o(i.TIM_ITRx_SetConfig)
    i.TIM_OC1_SetConfig                      0x08002960   Section        0  stm32f4xx_hal_tim.o(i.TIM_OC1_SetConfig)
    TIM_OC1_SetConfig                        0x08002961   Thumb Code    88  stm32f4xx_hal_tim.o(i.TIM_OC1_SetConfig)
    i.TIM_OC2_SetConfig                      0x080029c0   Section        0  stm32f4xx_hal_tim.o(i.TIM_OC2_SetConfig)
    i.TIM_OC3_SetConfig                      0x08002a2c   Section        0  stm32f4xx_hal_tim.o(i.TIM_OC3_SetConfig)
    TIM_OC3_SetConfig                        0x08002a2d   Thumb Code    96  stm32f4xx_hal_tim.o(i.TIM_OC3_SetConfig)
    i.TIM_OC4_SetConfig                      0x08002a94   Section        0  stm32f4xx_hal_tim.o(i.TIM_OC4_SetConfig)
    TIM_OC4_SetConfig                        0x08002a95   Thumb Code    70  stm32f4xx_hal_tim.o(i.TIM_OC4_SetConfig)
    i.TIM_TI1_ConfigInputStage               0x08002ae4   Section        0  stm32f4xx_hal_tim.o(i.TIM_TI1_ConfigInputStage)
    TIM_TI1_ConfigInputStage                 0x08002ae5   Thumb Code    34  stm32f4xx_hal_tim.o(i.TIM_TI1_ConfigInputStage)
    i.TIM_TI2_ConfigInputStage               0x08002b06   Section        0  stm32f4xx_hal_tim.o(i.TIM_TI2_ConfigInputStage)
    TIM_TI2_ConfigInputStage                 0x08002b07   Thumb Code    36  stm32f4xx_hal_tim.o(i.TIM_TI2_ConfigInputStage)
    i.UART_DMAError                          0x08002b2a   Section        0  stm32f4xx_hal_uart.o(i.UART_DMAError)
    UART_DMAError                            0x08002b2b   Thumb Code    74  stm32f4xx_hal_uart.o(i.UART_DMAError)
    i.UART_DMAReceiveCplt                    0x08002b74   Section        0  stm32f4xx_hal_uart.o(i.UART_DMAReceiveCplt)
    UART_DMAReceiveCplt                      0x08002b75   Thumb Code    60  stm32f4xx_hal_uart.o(i.UART_DMAReceiveCplt)
    i.UART_DMARxHalfCplt                     0x08002bb0   Section        0  stm32f4xx_hal_uart.o(i.UART_DMARxHalfCplt)
    UART_DMARxHalfCplt                       0x08002bb1   Thumb Code    10  stm32f4xx_hal_uart.o(i.UART_DMARxHalfCplt)
    i.UART_EndRxTransfer                     0x08002bba   Section        0  stm32f4xx_hal_uart.o(i.UART_EndRxTransfer)
    UART_EndRxTransfer                       0x08002bbb   Thumb Code    28  stm32f4xx_hal_uart.o(i.UART_EndRxTransfer)
    i.UART_EndTxTransfer                     0x08002bd6   Section        0  stm32f4xx_hal_uart.o(i.UART_EndTxTransfer)
    UART_EndTxTransfer                       0x08002bd7   Thumb Code    18  stm32f4xx_hal_uart.o(i.UART_EndTxTransfer)
    i.UART_SetConfig                         0x08002be8   Section        0  stm32f4xx_hal_uart.o(i.UART_SetConfig)
    UART_SetConfig                           0x08002be9   Thumb Code   286  stm32f4xx_hal_uart.o(i.UART_SetConfig)
    i.UsageFault_Handler                     0x08002d10   Section        0  stm32f4xx_it.o(i.UsageFault_Handler)
    i.__NVIC_SetPriority                     0x08002d12   Section        0  stm32f4xx_hal_cortex.o(i.__NVIC_SetPriority)
    __NVIC_SetPriority                       0x08002d13   Thumb Code    32  stm32f4xx_hal_cortex.o(i.__NVIC_SetPriority)
    i.__hardfp_fabs                          0x08002d32   Section        0  fabs.o(i.__hardfp_fabs)
    i.__scatterload_copy                     0x08002d46   Section       14  handlers.o(i.__scatterload_copy)
    i.__scatterload_null                     0x08002d54   Section        2  handlers.o(i.__scatterload_null)
    i.__scatterload_zeroinit                 0x08002d56   Section       14  handlers.o(i.__scatterload_zeroinit)
    i.get_number                             0x08002d64   Section        0  runfunction.o(i.get_number)
    i.init_quaternion                        0x08002db0   Section        0  bsp_imu_1.o(i.init_quaternion)
    i.ist8310_get_data                       0x08002f7c   Section        0  bsp_imu_1.o(i.ist8310_get_data)
    i.ist8310_init                           0x08002f86   Section        0  bsp_imu_1.o(i.ist8310_init)
    i.ist_reg_read_by_mpu                    0x08003086   Section        0  bsp_imu_1.o(i.ist_reg_read_by_mpu)
    ist_reg_read_by_mpu                      0x08003087   Thumb Code    56  bsp_imu_1.o(i.ist_reg_read_by_mpu)
    i.ist_reg_write_by_mpu                   0x080030be   Section        0  bsp_imu_1.o(i.ist_reg_write_by_mpu)
    ist_reg_write_by_mpu                     0x080030bf   Thumb Code    66  bsp_imu_1.o(i.ist_reg_write_by_mpu)
    i.led_off                                0x08003100   Section        0  runfunction.o(i.led_off)
    i.main                                   0x08003124   Section        0  main.o(i.main)
    i.middleLED                              0x0800322c   Section        0  runfunction.o(i.middleLED)
    i.mpu_device_init                        0x08003278   Section        0  bsp_imu_1.o(i.mpu_device_init)
    i.mpu_get_data                           0x080032dc   Section        0  bsp_imu_1.o(i.mpu_get_data)
    i.mpu_master_i2c_auto_read_config        0x080033dc   Section        0  bsp_imu_1.o(i.mpu_master_i2c_auto_read_config)
    mpu_master_i2c_auto_read_config          0x080033dd   Thumb Code   142  bsp_imu_1.o(i.mpu_master_i2c_auto_read_config)
    i.mpu_offset_call                        0x0800346c   Section        0  bsp_imu_1.o(i.mpu_offset_call)
    i.mpu_read_byte                          0x08003510   Section        0  bsp_imu_1.o(i.mpu_read_byte)
    i.mpu_read_bytes                         0x08003560   Section        0  bsp_imu_1.o(i.mpu_read_bytes)
    i.mpu_set_accel_fsr                      0x080035bc   Section        0  bsp_imu_1.o(i.mpu_set_accel_fsr)
    i.mpu_set_gyro_fsr                       0x080035c6   Section        0  bsp_imu_1.o(i.mpu_set_gyro_fsr)
    i.mpu_write_byte                         0x080035d0   Section        0  bsp_imu_1.o(i.mpu_write_byte)
    i.pid_param_init                         0x08003624   Section        0  pid.o(i.pid_param_init)
    pid_param_init                           0x08003625   Thumb Code    14  pid.o(i.pid_param_init)
    i.pid_reset                              0x08003632   Section        0  pid.o(i.pid_reset)
    pid_reset                                0x08003633   Thumb Code     6  pid.o(i.pid_reset)
    .constdata                               0x08003638   Section        8  stm32f4xx_hal_dma.o(.constdata)
    flagBitshiftOffset                       0x08003638   Data           8  stm32f4xx_hal_dma.o(.constdata)
    .constdata                               0x08003640   Section       16  system_stm32f4xx.o(.constdata)
    .constdata                               0x08003650   Section        8  system_stm32f4xx.o(.constdata)
    .constdata                               0x08003658   Section       20  bsp_imu_1.o(.constdata)
    .data                                    0x20000000   Section       13  runfunction.o(.data)
    .data                                    0x20000010   Section        4  runfunction.o(.data)
    .data                                    0x20000014   Section       12  stm32f4xx_hal.o(.data)
    .data                                    0x20000020   Section        4  system_stm32f4xx.o(.data)
    .data                                    0x20000024   Section       96  bsp_imu_1.o(.data)
    tx                                       0x20000024   Data           1  bsp_imu_1.o(.data)
    rx                                       0x20000025   Data           1  bsp_imu_1.o(.data)
    gx                                       0x20000044   Data           4  bsp_imu_1.o(.data)
    gy                                       0x20000048   Data           4  bsp_imu_1.o(.data)
    gz                                       0x2000004c   Data           4  bsp_imu_1.o(.data)
    ax                                       0x20000050   Data           4  bsp_imu_1.o(.data)
    ay                                       0x20000054   Data           4  bsp_imu_1.o(.data)
    az                                       0x20000058   Data           4  bsp_imu_1.o(.data)
    mx                                       0x2000005c   Data           4  bsp_imu_1.o(.data)
    my                                       0x20000060   Data           4  bsp_imu_1.o(.data)
    mz                                       0x20000064   Data           4  bsp_imu_1.o(.data)
    tx_buff                                  0x20000076   Data          14  bsp_imu_1.o(.data)
    .data                                    0x20000084   Section        4  rand.o(.data)
    _rand_state                              0x20000084   Data           4  rand.o(.data)
    .bss                                     0x20000088   Section       78  get_data.o(.bss)
    .bss                                     0x200000d8   Section       40  can.o(.bss)
    .bss                                     0x20000100   Section       88  spi.o(.bss)
    .bss                                     0x20000158   Section       64  tim.o(.bss)
    .bss                                     0x20000198   Section      160  usart.o(.bss)
    .bss                                     0x20000238   Section      512  pid.o(.bss)
    .bss                                     0x20000438   Section       98  bsp_imu_1.o(.bss)
    STACK                                    0x200004a0   Section     1024  startup_stm32f427xx.o(STACK)

    Global Symbols

    Symbol Name                              Value     Ov Type        Size  Object(Section)

    BuildAttributes$$THM_ISAv4$E$P$D$K$B$S$7EM$VFPi3$EXTD16$VFPS$VFMA$PE$A:L22UL41UL21$X:L11$S22US41US21$IEEE1$IW$USESV6$~STKCKD$USESV7$~SHL$OTIME$ROPI$IEEEX$EBA8$MICROLIB$REQ8$PRES8$EABIv2 0x00000000   Number         0  anon$$obj.o ABSOLUTE
    __ARM_use_no_argv                        0x00000000   Number         0  main.o ABSOLUTE
    __cpp_initialize__aeabi_                  - Undefined Weak Reference
    __cxa_finalize                            - Undefined Weak Reference
    __decompress                              - Undefined Weak Reference
    _clock_init                               - Undefined Weak Reference
    _microlib_exit                            - Undefined Weak Reference
    __Vectors_Size                           0x000001ac   Number         0  startup_stm32f427xx.o ABSOLUTE
    __Vectors                                0x08000000   Data           4  startup_stm32f427xx.o(RESET)
    __Vectors_End                            0x080001ac   Data           0  startup_stm32f427xx.o(RESET)
    __main                                   0x080001ad   Thumb Code     0  entry.o(.ARM.Collect$$$$00000000)
    _main_stk                                0x080001ad   Thumb Code     0  entry2.o(.ARM.Collect$$$$00000001)
    _main_scatterload                        0x080001b1   Thumb Code     0  entry5.o(.ARM.Collect$$$$00000004)
    __main_after_scatterload                 0x080001b5   Thumb Code     0  entry5.o(.ARM.Collect$$$$00000004)
    _main_clock                              0x080001b5   Thumb Code     0  entry7b.o(.ARM.Collect$$$$00000008)
    _main_cpp_init                           0x080001b5   Thumb Code     0  entry8b.o(.ARM.Collect$$$$0000000A)
    _main_init                               0x080001b5   Thumb Code     0  entry9a.o(.ARM.Collect$$$$0000000B)
    __rt_final_cpp                           0x080001bd   Thumb Code     0  entry10a.o(.ARM.Collect$$$$0000000D)
    __rt_final_exit                          0x080001bd   Thumb Code     0  entry11a.o(.ARM.Collect$$$$0000000F)
    Reset_Handler                            0x080001c1   Thumb Code     8  startup_stm32f427xx.o(.text)
    ADC_IRQHandler                           0x080001db   Thumb Code     0  startup_stm32f427xx.o(.text)
    CAN1_RX1_IRQHandler                      0x080001db   Thumb Code     0  startup_stm32f427xx.o(.text)
    CAN1_SCE_IRQHandler                      0x080001db   Thumb Code     0  startup_stm32f427xx.o(.text)
    CAN1_TX_IRQHandler                       0x080001db   Thumb Code     0  startup_stm32f427xx.o(.text)
    CAN2_RX0_IRQHandler                      0x080001db   Thumb Code     0  startup_stm32f427xx.o(.text)
    CAN2_RX1_IRQHandler                      0x080001db   Thumb Code     0  startup_stm32f427xx.o(.text)
    CAN2_SCE_IRQHandler                      0x080001db   Thumb Code     0  startup_stm32f427xx.o(.text)
    CAN2_TX_IRQHandler                       0x080001db   Thumb Code     0  startup_stm32f427xx.o(.text)
    DCMI_IRQHandler                          0x080001db   Thumb Code     0  startup_stm32f427xx.o(.text)
    DMA1_Stream0_IRQHandler                  0x080001db   Thumb Code     0  startup_stm32f427xx.o(.text)
    DMA1_Stream1_IRQHandler                  0x080001db   Thumb Code     0  startup_stm32f427xx.o(.text)
    DMA1_Stream2_IRQHandler                  0x080001db   Thumb Code     0  startup_stm32f427xx.o(.text)
    DMA1_Stream3_IRQHandler                  0x080001db   Thumb Code     0  startup_stm32f427xx.o(.text)
    DMA1_Stream4_IRQHandler                  0x080001db   Thumb Code     0  startup_stm32f427xx.o(.text)
    DMA1_Stream5_IRQHandler                  0x080001db   Thumb Code     0  startup_stm32f427xx.o(.text)
    DMA1_Stream6_IRQHandler                  0x080001db   Thumb Code     0  startup_stm32f427xx.o(.text)
    DMA1_Stream7_IRQHandler                  0x080001db   Thumb Code     0  startup_stm32f427xx.o(.text)
    DMA2D_IRQHandler                         0x080001db   Thumb Code     0  startup_stm32f427xx.o(.text)
    DMA2_Stream0_IRQHandler                  0x080001db   Thumb Code     0  startup_stm32f427xx.o(.text)
    DMA2_Stream1_IRQHandler                  0x080001db   Thumb Code     0  startup_stm32f427xx.o(.text)
    DMA2_Stream3_IRQHandler                  0x080001db   Thumb Code     0  startup_stm32f427xx.o(.text)
    DMA2_Stream4_IRQHandler                  0x080001db   Thumb Code     0  startup_stm32f427xx.o(.text)
    DMA2_Stream5_IRQHandler                  0x080001db   Thumb Code     0  startup_stm32f427xx.o(.text)
    DMA2_Stream6_IRQHandler                  0x080001db   Thumb Code     0  startup_stm32f427xx.o(.text)
    DMA2_Stream7_IRQHandler                  0x080001db   Thumb Code     0  startup_stm32f427xx.o(.text)
    ETH_IRQHandler                           0x080001db   Thumb Code     0  startup_stm32f427xx.o(.text)
    ETH_WKUP_IRQHandler                      0x080001db   Thumb Code     0  startup_stm32f427xx.o(.text)
    EXTI2_IRQHandler                         0x080001db   Thumb Code     0  startup_stm32f427xx.o(.text)
    EXTI3_IRQHandler                         0x080001db   Thumb Code     0  startup_stm32f427xx.o(.text)
    FLASH_IRQHandler                         0x080001db   Thumb Code     0  startup_stm32f427xx.o(.text)
    FMC_IRQHandler                           0x080001db   Thumb Code     0  startup_stm32f427xx.o(.text)
    FPU_IRQHandler                           0x080001db   Thumb Code     0  startup_stm32f427xx.o(.text)
    HASH_RNG_IRQHandler                      0x080001db   Thumb Code     0  startup_stm32f427xx.o(.text)
    I2C1_ER_IRQHandler                       0x080001db   Thumb Code     0  startup_stm32f427xx.o(.text)
    I2C1_EV_IRQHandler                       0x080001db   Thumb Code     0  startup_stm32f427xx.o(.text)
    I2C2_ER_IRQHandler                       0x080001db   Thumb Code     0  startup_stm32f427xx.o(.text)
    I2C2_EV_IRQHandler                       0x080001db   Thumb Code     0  startup_stm32f427xx.o(.text)
    I2C3_ER_IRQHandler                       0x080001db   Thumb Code     0  startup_stm32f427xx.o(.text)
    I2C3_EV_IRQHandler                       0x080001db   Thumb Code     0  startup_stm32f427xx.o(.text)
    OTG_FS_IRQHandler                        0x080001db   Thumb Code     0  startup_stm32f427xx.o(.text)
    OTG_FS_WKUP_IRQHandler                   0x080001db   Thumb Code     0  startup_stm32f427xx.o(.text)
    OTG_HS_EP1_IN_IRQHandler                 0x080001db   Thumb Code     0  startup_stm32f427xx.o(.text)
    OTG_HS_EP1_OUT_IRQHandler                0x080001db   Thumb Code     0  startup_stm32f427xx.o(.text)
    OTG_HS_IRQHandler                        0x080001db   Thumb Code     0  startup_stm32f427xx.o(.text)
    OTG_HS_WKUP_IRQHandler                   0x080001db   Thumb Code     0  startup_stm32f427xx.o(.text)
    PVD_IRQHandler                           0x080001db   Thumb Code     0  startup_stm32f427xx.o(.text)
    RCC_IRQHandler                           0x080001db   Thumb Code     0  startup_stm32f427xx.o(.text)
    RTC_Alarm_IRQHandler                     0x080001db   Thumb Code     0  startup_stm32f427xx.o(.text)
    RTC_WKUP_IRQHandler                      0x080001db   Thumb Code     0  startup_stm32f427xx.o(.text)
    SAI1_IRQHandler                          0x080001db   Thumb Code     0  startup_stm32f427xx.o(.text)
    SDIO_IRQHandler                          0x080001db   Thumb Code     0  startup_stm32f427xx.o(.text)
    SPI1_IRQHandler                          0x080001db   Thumb Code     0  startup_stm32f427xx.o(.text)
    SPI2_IRQHandler                          0x080001db   Thumb Code     0  startup_stm32f427xx.o(.text)
    SPI3_IRQHandler                          0x080001db   Thumb Code     0  startup_stm32f427xx.o(.text)
    SPI4_IRQHandler                          0x080001db   Thumb Code     0  startup_stm32f427xx.o(.text)
    SPI5_IRQHandler                          0x080001db   Thumb Code     0  startup_stm32f427xx.o(.text)
    SPI6_IRQHandler                          0x080001db   Thumb Code     0  startup_stm32f427xx.o(.text)
    TAMP_STAMP_IRQHandler                    0x080001db   Thumb Code     0  startup_stm32f427xx.o(.text)
    TIM1_BRK_TIM9_IRQHandler                 0x080001db   Thumb Code     0  startup_stm32f427xx.o(.text)
    TIM1_CC_IRQHandler                       0x080001db   Thumb Code     0  startup_stm32f427xx.o(.text)
    TIM1_TRG_COM_TIM11_IRQHandler            0x080001db   Thumb Code     0  startup_stm32f427xx.o(.text)
    TIM1_UP_TIM10_IRQHandler                 0x080001db   Thumb Code     0  startup_stm32f427xx.o(.text)
    TIM3_IRQHandler                          0x080001db   Thumb Code     0  startup_stm32f427xx.o(.text)
    TIM4_IRQHandler                          0x080001db   Thumb Code     0  startup_stm32f427xx.o(.text)
    TIM5_IRQHandler                          0x080001db   Thumb Code     0  startup_stm32f427xx.o(.text)
    TIM6_DAC_IRQHandler                      0x080001db   Thumb Code     0  startup_stm32f427xx.o(.text)
    TIM7_IRQHandler                          0x080001db   Thumb Code     0  startup_stm32f427xx.o(.text)
    TIM8_BRK_TIM12_IRQHandler                0x080001db   Thumb Code     0  startup_stm32f427xx.o(.text)
    TIM8_CC_IRQHandler                       0x080001db   Thumb Code     0  startup_stm32f427xx.o(.text)
    TIM8_TRG_COM_TIM14_IRQHandler            0x080001db   Thumb Code     0  startup_stm32f427xx.o(.text)
    TIM8_UP_TIM13_IRQHandler                 0x080001db   Thumb Code     0  startup_stm32f427xx.o(.text)
    UART4_IRQHandler                         0x080001db   Thumb Code     0  startup_stm32f427xx.o(.text)
    UART5_IRQHandler                         0x080001db   Thumb Code     0  startup_stm32f427xx.o(.text)
    UART7_IRQHandler                         0x080001db   Thumb Code     0  startup_stm32f427xx.o(.text)
    UART8_IRQHandler                         0x080001db   Thumb Code     0  startup_stm32f427xx.o(.text)
    USART1_IRQHandler                        0x080001db   Thumb Code     0  startup_stm32f427xx.o(.text)
    USART2_IRQHandler                        0x080001db   Thumb Code     0  startup_stm32f427xx.o(.text)
    USART3_IRQHandler                        0x080001db   Thumb Code     0  startup_stm32f427xx.o(.text)
    USART6_IRQHandler                        0x080001db   Thumb Code     0  startup_stm32f427xx.o(.text)
    WWDG_IRQHandler                          0x080001db   Thumb Code     0  startup_stm32f427xx.o(.text)
    __aeabi_uldivmod                         0x080001e5   Thumb Code    98  uldiv.o(.text)
    rand                                     0x08000249   Thumb Code    20  rand.o(.text)
    srand                                    0x0800025d   Thumb Code     6  rand.o(.text)
    __aeabi_memcpy                           0x0800026d   Thumb Code    36  memcpya.o(.text)
    __aeabi_memcpy4                          0x0800026d   Thumb Code     0  memcpya.o(.text)
    __aeabi_memcpy8                          0x0800026d   Thumb Code     0  memcpya.o(.text)
    __aeabi_memset                           0x08000291   Thumb Code    14  memseta.o(.text)
    __aeabi_memset4                          0x08000291   Thumb Code     0  memseta.o(.text)
    __aeabi_memset8                          0x08000291   Thumb Code     0  memseta.o(.text)
    __aeabi_memclr                           0x0800029f   Thumb Code     4  memseta.o(.text)
    __aeabi_memclr4                          0x0800029f   Thumb Code     0  memseta.o(.text)
    __aeabi_memclr8                          0x0800029f   Thumb Code     0  memseta.o(.text)
    _memset$wrapper                          0x080002a3   Thumb Code    18  memseta.o(.text)
    __aeabi_i2d                              0x080002b5   Thumb Code    34  dflti.o(.text)
    __aeabi_cdrcmple                         0x080002d9   Thumb Code    48  cdrcmple.o(.text)
    __aeabi_llsl                             0x08000309   Thumb Code    30  llshl.o(.text)
    _ll_shift_l                              0x08000309   Thumb Code     0  llshl.o(.text)
    __aeabi_llsr                             0x08000327   Thumb Code    32  llushr.o(.text)
    _ll_ushift_r                             0x08000327   Thumb Code     0  llushr.o(.text)
    __I$use$fp                               0x08000347   Thumb Code     0  iusefp.o(.text)
    _double_round                            0x08000347   Thumb Code    30  depilogue.o(.text)
    _double_epilogue                         0x08000365   Thumb Code   156  depilogue.o(.text)
    __scatterload                            0x08000401   Thumb Code    28  init.o(.text)
    __scatterload_rt2                        0x08000401   Thumb Code     0  init.o(.text)
    BusFault_Handler                         0x08000425   Thumb Code     2  stm32f4xx_it.o(i.BusFault_Handler)
    CAN1_RX0_IRQHandler                      0x08000429   Thumb Code     6  stm32f4xx_it.o(i.CAN1_RX0_IRQHandler)
    CANfilterConf                            0x08000435   Thumb Code    42  get_data.o(i.CANfilterConf)
    Chassis_pid_init                         0x0800046d   Thumb Code    72  pid.o(i.Chassis_pid_init)
    DMA2_Stream2_IRQHandler                  0x080004c5   Thumb Code     6  stm32f4xx_it.o(i.DMA2_Stream2_IRQHandler)
    DebugMon_Handler                         0x08000575   Thumb Code     2  stm32f4xx_it.o(i.DebugMon_Handler)
    EXTI0_IRQHandler                         0x08000579   Thumb Code   180  stm32f4xx_it.o(i.EXTI0_IRQHandler)
    EXTI15_10_IRQHandler                     0x08000651   Thumb Code   182  stm32f4xx_it.o(i.EXTI15_10_IRQHandler)
    EXTI1_IRQHandler                         0x0800072d   Thumb Code   180  stm32f4xx_it.o(i.EXTI1_IRQHandler)
    EXTI4_IRQHandler                         0x08000805   Thumb Code   180  stm32f4xx_it.o(i.EXTI4_IRQHandler)
    EXTI9_5_IRQHandler                       0x080008dd   Thumb Code   182  stm32f4xx_it.o(i.EXTI9_5_IRQHandler)
    Error_Handler                            0x080009b9   Thumb Code     2  main.o(i.Error_Handler)
    HAL_CAN_ConfigFilter                     0x080009bd   Thumb Code   262  stm32f4xx_hal_can.o(i.HAL_CAN_ConfigFilter)
    HAL_CAN_ErrorCallback                    0x08000ac9   Thumb Code     2  stm32f4xx_hal_can.o(i.HAL_CAN_ErrorCallback)
    HAL_CAN_IRQHandler                       0x08000acb   Thumb Code   508  stm32f4xx_hal_can.o(i.HAL_CAN_IRQHandler)
    HAL_CAN_Init                             0x08000cc7   Thumb Code   282  stm32f4xx_hal_can.o(i.HAL_CAN_Init)
    HAL_CAN_MspInit                          0x08000de1   Thumb Code   106  can.o(i.HAL_CAN_MspInit)
    HAL_CAN_RxFifo0FullCallback              0x08000e59   Thumb Code     2  stm32f4xx_hal_can.o(i.HAL_CAN_RxFifo0FullCallback)
    HAL_CAN_RxFifo0MsgPendingCallback        0x08000e5b   Thumb Code     2  stm32f4xx_hal_can.o(i.HAL_CAN_RxFifo0MsgPendingCallback)
    HAL_CAN_RxFifo1FullCallback              0x08000e5d   Thumb Code     2  stm32f4xx_hal_can.o(i.HAL_CAN_RxFifo1FullCallback)
    HAL_CAN_RxFifo1MsgPendingCallback        0x08000e5f   Thumb Code     2  stm32f4xx_hal_can.o(i.HAL_CAN_RxFifo1MsgPendingCallback)
    HAL_CAN_SleepCallback                    0x08000e61   Thumb Code     2  stm32f4xx_hal_can.o(i.HAL_CAN_SleepCallback)
    HAL_CAN_Start                            0x08000e65   Thumb Code    88  stm32f4xx_hal_can.o(i.HAL_CAN_Start)
    HAL_CAN_TxMailbox0AbortCallback          0x08000ebd   Thumb Code     2  stm32f4xx_hal_can.o(i.HAL_CAN_TxMailbox0AbortCallback)
    HAL_CAN_TxMailbox0CompleteCallback       0x08000ebf   Thumb Code     2  stm32f4xx_hal_can.o(i.HAL_CAN_TxMailbox0CompleteCallback)
    HAL_CAN_TxMailbox1AbortCallback          0x08000ec1   Thumb Code     2  stm32f4xx_hal_can.o(i.HAL_CAN_TxMailbox1AbortCallback)
    HAL_CAN_TxMailbox1CompleteCallback       0x08000ec3   Thumb Code     2  stm32f4xx_hal_can.o(i.HAL_CAN_TxMailbox1CompleteCallback)
    HAL_CAN_TxMailbox2AbortCallback          0x08000ec5   Thumb Code     2  stm32f4xx_hal_can.o(i.HAL_CAN_TxMailbox2AbortCallback)
    HAL_CAN_TxMailbox2CompleteCallback       0x08000ec7   Thumb Code     2  stm32f4xx_hal_can.o(i.HAL_CAN_TxMailbox2CompleteCallback)
    HAL_CAN_WakeUpFromRxMsgCallback          0x08000ec9   Thumb Code     2  stm32f4xx_hal_can.o(i.HAL_CAN_WakeUpFromRxMsgCallback)
    HAL_DMA_IRQHandler                       0x08000ecd   Thumb Code   412  stm32f4xx_hal_dma.o(i.HAL_DMA_IRQHandler)
    HAL_DMA_Init                             0x0800106d   Thumb Code   206  stm32f4xx_hal_dma.o(i.HAL_DMA_Init)
    HAL_DMA_Start_IT                         0x08001141   Thumb Code   110  stm32f4xx_hal_dma.o(i.HAL_DMA_Start_IT)
    HAL_Delay                                0x080011b1   Thumb Code    32  stm32f4xx_hal.o(i.HAL_Delay)
    HAL_GPIO_Init                            0x080011d5   Thumb Code   414  stm32f4xx_hal_gpio.o(i.HAL_GPIO_Init)
    HAL_GPIO_ReadPin                         0x080013a9   Thumb Code    10  stm32f4xx_hal_gpio.o(i.HAL_GPIO_ReadPin)
    HAL_GPIO_WritePin                        0x080013b3   Thumb Code    10  stm32f4xx_hal_gpio.o(i.HAL_GPIO_WritePin)
    HAL_GetTick                              0x080013bd   Thumb Code     6  stm32f4xx_hal.o(i.HAL_GetTick)
    HAL_IncTick                              0x080013c9   Thumb Code    12  stm32f4xx_hal.o(i.HAL_IncTick)
    HAL_Init                                 0x080013d9   Thumb Code    48  stm32f4xx_hal.o(i.HAL_Init)
    HAL_InitTick                             0x0800140d   Thumb Code    54  stm32f4xx_hal.o(i.HAL_InitTick)
    HAL_MspInit                              0x0800144d   Thumb Code    42  stm32f4xx_hal_msp.o(i.HAL_MspInit)
    HAL_NVIC_EnableIRQ                       0x0800147d   Thumb Code    26  stm32f4xx_hal_cortex.o(i.HAL_NVIC_EnableIRQ)
    HAL_NVIC_SetPriority                     0x08001499   Thumb Code    60  stm32f4xx_hal_cortex.o(i.HAL_NVIC_SetPriority)
    HAL_NVIC_SetPriorityGrouping             0x080014d9   Thumb Code    26  stm32f4xx_hal_cortex.o(i.HAL_NVIC_SetPriorityGrouping)
    HAL_RCC_ClockConfig                      0x080014fd   Thumb Code   288  stm32f4xx_hal_rcc.o(i.HAL_RCC_ClockConfig)
    HAL_RCC_GetPCLK1Freq                     0x08001631   Thumb Code    20  stm32f4xx_hal_rcc.o(i.HAL_RCC_GetPCLK1Freq)
    HAL_RCC_GetPCLK2Freq                     0x08001651   Thumb Code    20  stm32f4xx_hal_rcc.o(i.HAL_RCC_GetPCLK2Freq)
    HAL_RCC_GetSysClockFreq                  0x08001671   Thumb Code    88  stm32f4xx_hal_rcc.o(i.HAL_RCC_GetSysClockFreq)
    HAL_RCC_OscConfig                        0x080016d5   Thumb Code   834  stm32f4xx_hal_rcc.o(i.HAL_RCC_OscConfig)
    HAL_SPI_Init                             0x08001a31   Thumb Code   128  stm32f4xx_hal_spi.o(i.HAL_SPI_Init)
    HAL_SPI_MspInit                          0x08001ab1   Thumb Code    94  spi.o(i.HAL_SPI_MspInit)
    HAL_SPI_TransmitReceive                  0x08001b1d   Thumb Code   482  stm32f4xx_hal_spi.o(i.HAL_SPI_TransmitReceive)
    HAL_SYSTICK_Config                       0x08001cff   Thumb Code    40  stm32f4xx_hal_cortex.o(i.HAL_SYSTICK_Config)
    HAL_TIMEx_BreakCallback                  0x08001d27   Thumb Code     2  stm32f4xx_hal_tim_ex.o(i.HAL_TIMEx_BreakCallback)
    HAL_TIMEx_CommutCallback                 0x08001d29   Thumb Code     2  stm32f4xx_hal_tim_ex.o(i.HAL_TIMEx_CommutCallback)
    HAL_TIMEx_MasterConfigSynchronization    0x08001d2d   Thumb Code   116  stm32f4xx_hal_tim_ex.o(i.HAL_TIMEx_MasterConfigSynchronization)
    HAL_TIM_Base_Init                        0x08001dbd   Thumb Code    54  stm32f4xx_hal_tim.o(i.HAL_TIM_Base_Init)
    HAL_TIM_Base_MspInit                     0x08001df5   Thumb Code    50  tim.o(i.HAL_TIM_Base_MspInit)
    HAL_TIM_Base_Start_IT                    0x08001e2d   Thumb Code    34  stm32f4xx_hal_tim.o(i.HAL_TIM_Base_Start_IT)
    HAL_TIM_ConfigClockSource                0x08001e4f   Thumb Code   214  stm32f4xx_hal_tim.o(i.HAL_TIM_ConfigClockSource)
    HAL_TIM_IC_CaptureCallback               0x08001f25   Thumb Code     2  stm32f4xx_hal_tim.o(i.HAL_TIM_IC_CaptureCallback)
    HAL_TIM_IRQHandler                       0x08001f27   Thumb Code   358  stm32f4xx_hal_tim.o(i.HAL_TIM_IRQHandler)
    HAL_TIM_MspPostInit                      0x0800208d   Thumb Code    72  tim.o(i.HAL_TIM_MspPostInit)
    HAL_TIM_OC_ConfigChannel                 0x080020dd   Thumb Code    86  stm32f4xx_hal_tim.o(i.HAL_TIM_OC_ConfigChannel)
    HAL_TIM_OC_DelayElapsedCallback          0x08002133   Thumb Code     2  stm32f4xx_hal_tim.o(i.HAL_TIM_OC_DelayElapsedCallback)
    HAL_TIM_OC_Init                          0x08002135   Thumb Code    54  stm32f4xx_hal_tim.o(i.HAL_TIM_OC_Init)
    HAL_TIM_OC_MspInit                       0x0800216b   Thumb Code     2  stm32f4xx_hal_tim.o(i.HAL_TIM_OC_MspInit)
    HAL_TIM_PWM_PulseFinishedCallback        0x0800216d   Thumb Code     2  stm32f4xx_hal_tim.o(i.HAL_TIM_PWM_PulseFinishedCallback)
    HAL_TIM_PeriodElapsedCallback            0x08002171   Thumb Code    16  runfunction.o(i.HAL_TIM_PeriodElapsedCallback)
    HAL_TIM_TriggerCallback                  0x08002185   Thumb Code     2  stm32f4xx_hal_tim.o(i.HAL_TIM_TriggerCallback)
    HAL_UART_ErrorCallback                   0x08002187   Thumb Code     2  stm32f4xx_hal_uart.o(i.HAL_UART_ErrorCallback)
    HAL_UART_Init                            0x08002189   Thumb Code    98  stm32f4xx_hal_uart.o(i.HAL_UART_Init)
    HAL_UART_MspInit                         0x080021ed   Thumb Code   158  usart.o(i.HAL_UART_MspInit)
    HAL_UART_Receive_DMA                     0x080022a1   Thumb Code   138  stm32f4xx_hal_uart.o(i.HAL_UART_Receive_DMA)
    HAL_UART_RxCpltCallback                  0x08002339   Thumb Code     2  stm32f4xx_hal_uart.o(i.HAL_UART_RxCpltCallback)
    HAL_UART_RxHalfCpltCallback              0x0800233b   Thumb Code     2  stm32f4xx_hal_uart.o(i.HAL_UART_RxHalfCpltCallback)
    HardFault_Handler                        0x0800233d   Thumb Code     2  stm32f4xx_it.o(i.HardFault_Handler)
    MX_CAN1_Init                             0x08002341   Thumb Code    60  can.o(i.MX_CAN1_Init)
    MX_DMA_Init                              0x08002385   Thumb Code    40  dma.o(i.MX_DMA_Init)
    MX_GPIO_Init                             0x080023b1   Thumb Code   458  gpio.o(i.MX_GPIO_Init)
    MX_SPI5_Init                             0x08002599   Thumb Code    62  spi.o(i.MX_SPI5_Init)
    MX_TIM2_Init                             0x080025e1   Thumb Code   144  tim.o(i.MX_TIM2_Init)
    MX_USART1_UART_Init                      0x08002675   Thumb Code    50  usart.o(i.MX_USART1_UART_Init)
    MemManage_Handler                        0x080026b5   Thumb Code     2  stm32f4xx_it.o(i.MemManage_Handler)
    NMI_Handler                              0x080026b7   Thumb Code     2  stm32f4xx_it.o(i.NMI_Handler)
    PID_struct_init                          0x080026b9   Thumb Code    16  pid.o(i.PID_struct_init)
    PendSV_Handler                           0x080026d1   Thumb Code     2  stm32f4xx_it.o(i.PendSV_Handler)
    SVC_Handler                              0x080027c1   Thumb Code     2  stm32f4xx_it.o(i.SVC_Handler)
    SysTick_Handler                          0x080027c3   Thumb Code     4  stm32f4xx_it.o(i.SysTick_Handler)
    SystemClock_Config                       0x080027c9   Thumb Code   124  main.o(i.SystemClock_Config)
    SystemInit                               0x0800284d   Thumb Code    22  system_stm32f4xx.o(i.SystemInit)
    TIM2_IRQHandler                          0x08002869   Thumb Code     6  stm32f4xx_it.o(i.TIM2_IRQHandler)
    TIM_Base_SetConfig                       0x08002875   Thumb Code   156  stm32f4xx_hal_tim.o(i.TIM_Base_SetConfig)
    TIM_ETR_SetConfig                        0x0800293d   Thumb Code    20  stm32f4xx_hal_tim.o(i.TIM_ETR_SetConfig)
    TIM_OC2_SetConfig                        0x080029c1   Thumb Code    98  stm32f4xx_hal_tim.o(i.TIM_OC2_SetConfig)
    UsageFault_Handler                       0x08002d11   Thumb Code     2  stm32f4xx_it.o(i.UsageFault_Handler)
    __hardfp_fabs                            0x08002d33   Thumb Code    20  fabs.o(i.__hardfp_fabs)
    __scatterload_copy                       0x08002d47   Thumb Code    14  handlers.o(i.__scatterload_copy)
    __scatterload_null                       0x08002d55   Thumb Code     2  handlers.o(i.__scatterload_null)
    __scatterload_zeroinit                   0x08002d57   Thumb Code    14  handlers.o(i.__scatterload_zeroinit)
    get_number                               0x08002d65   Thumb Code    70  runfunction.o(i.get_number)
    init_quaternion                          0x08002db1   Thumb Code   360  bsp_imu_1.o(i.init_quaternion)
    ist8310_get_data                         0x08002f7d   Thumb Code    10  bsp_imu_1.o(i.ist8310_get_data)
    ist8310_init                             0x08002f87   Thumb Code   256  bsp_imu_1.o(i.ist8310_init)
    led_off                                  0x08003101   Thumb Code    28  runfunction.o(i.led_off)
    main                                     0x08003125   Thumb Code   216  main.o(i.main)
    middleLED                                0x0800322d   Thumb Code    64  runfunction.o(i.middleLED)
    mpu_device_init                          0x08003279   Thumb Code    90  bsp_imu_1.o(i.mpu_device_init)
    mpu_get_data                             0x080032dd   Thumb Code   234  bsp_imu_1.o(i.mpu_get_data)
    mpu_offset_call                          0x0800346d   Thumb Code   160  bsp_imu_1.o(i.mpu_offset_call)
    mpu_read_byte                            0x08003511   Thumb Code    68  bsp_imu_1.o(i.mpu_read_byte)
    mpu_read_bytes                           0x08003561   Thumb Code    80  bsp_imu_1.o(i.mpu_read_bytes)
    mpu_set_accel_fsr                        0x080035bd   Thumb Code    10  bsp_imu_1.o(i.mpu_set_accel_fsr)
    mpu_set_gyro_fsr                         0x080035c7   Thumb Code    10  bsp_imu_1.o(i.mpu_set_gyro_fsr)
    mpu_write_byte                           0x080035d1   Thumb Code    72  bsp_imu_1.o(i.mpu_write_byte)
    AHBPrescTable                            0x08003640   Data          16  system_stm32f4xx.o(.constdata)
    APBPrescTable                            0x08003650   Data           8  system_stm32f4xx.o(.constdata)
    Region$$Table$$Base                      0x0800366c   Number         0  anon$$obj.o(Region$$Table)
    Region$$Table$$Limit                     0x0800368c   Number         0  anon$$obj.o(Region$$Table)
    TIM_STA                                  0x20000000   Data           4  runfunction.o(.data)
    time1                                    0x20000004   Data           4  runfunction.o(.data)
    num                                      0x20000008   Data           5  runfunction.o(.data)
    j                                        0x20000010   Data           4  runfunction.o(.data)
    uwTickFreq                               0x20000014   Data           1  stm32f4xx_hal.o(.data)
    uwTickPrio                               0x20000018   Data           4  stm32f4xx_hal.o(.data)
    uwTick                                   0x2000001c   Data           4  stm32f4xx_hal.o(.data)
    SystemCoreClock                          0x20000020   Data           4  system_stm32f4xx.o(.data)
    id                                       0x20000026   Data           1  bsp_imu_1.o(.data)
    q0                                       0x20000028   Data           4  bsp_imu_1.o(.data)
    q1                                       0x2000002c   Data           4  bsp_imu_1.o(.data)
    q2                                       0x20000030   Data           4  bsp_imu_1.o(.data)
    q3                                       0x20000034   Data           4  bsp_imu_1.o(.data)
    exInt                                    0x20000038   Data           4  bsp_imu_1.o(.data)
    eyInt                                    0x2000003c   Data           4  bsp_imu_1.o(.data)
    ezInt                                    0x20000040   Data           4  bsp_imu_1.o(.data)
    last_update                              0x20000068   Data           4  bsp_imu_1.o(.data)
    now_update                               0x2000006c   Data           4  bsp_imu_1.o(.data)
    ist_buff                                 0x20000070   Data           6  bsp_imu_1.o(.data)
    CAN1_FilterConf                          0x20000088   Data          40  get_data.o(.bss)
    mybuffer                                 0x200000b0   Data          18  get_data.o(.bss)
    RC_CtrlData                              0x200000c2   Data          20  get_data.o(.bss)
    hcan1                                    0x200000d8   Data          40  can.o(.bss)
    hspi5                                    0x20000100   Data          88  spi.o(.bss)
    htim2                                    0x20000158   Data          64  tim.o(.bss)
    huart1                                   0x20000198   Data          64  usart.o(.bss)
    hdma_usart1_rx                           0x200001d8   Data          96  usart.o(.bss)
    pid_3508_remote_spd                      0x20000238   Data         512  pid.o(.bss)
    imu                                      0x20000438   Data          52  bsp_imu_1.o(.bss)
    mpu_buff                                 0x2000046c   Data          14  bsp_imu_1.o(.bss)
    mpu_data                                 0x2000047a   Data          32  bsp_imu_1.o(.bss)
    __initial_sp                             0x200008a0   Data           0  startup_stm32f427xx.o(STACK)



==============================================================================

Memory Map of the image

  Image Entry point : 0x080001ad

  Load Region LR_IROM1 (Base: 0x08000000, Size: 0x00003714, Max: 0x00200000, ABSOLUTE)

    Execution Region ER_IROM1 (Base: 0x08000000, Size: 0x0000368c, Max: 0x00200000, ABSOLUTE)

    Base Addr    Size         Type   Attr      Idx    E Section Name        Object

    0x08000000   0x000001ac   Data   RO            3    RESET               startup_stm32f427xx.o
    0x080001ac   0x00000000   Code   RO         3992  * .ARM.Collect$$$$00000000  mc_w.l(entry.o)
    0x080001ac   0x00000004   Code   RO         4049    .ARM.Collect$$$$00000001  mc_w.l(entry2.o)
    0x080001b0   0x00000004   Code   RO         4052    .ARM.Collect$$$$00000004  mc_w.l(entry5.o)
    0x080001b4   0x00000000   Code   RO         4054    .ARM.Collect$$$$00000008  mc_w.l(entry7b.o)
    0x080001b4   0x00000000   Code   RO         4056    .ARM.Collect$$$$0000000A  mc_w.l(entry8b.o)
    0x080001b4   0x00000008   Code   RO         4057    .ARM.Collect$$$$0000000B  mc_w.l(entry9a.o)
    0x080001bc   0x00000000   Code   RO         4059    .ARM.Collect$$$$0000000D  mc_w.l(entry10a.o)
    0x080001bc   0x00000000   Code   RO         4061    .ARM.Collect$$$$0000000F  mc_w.l(entry11a.o)
    0x080001bc   0x00000004   Code   RO         4050    .ARM.Collect$$$$00002712  mc_w.l(entry2.o)
    0x080001c0   0x00000024   Code   RO            4    .text               startup_stm32f427xx.o
    0x080001e4   0x00000062   Code   RO         3995    .text               mc_w.l(uldiv.o)
    0x08000246   0x00000002   PAD
    0x08000248   0x00000024   Code   RO         3997    .text               mc_w.l(rand.o)
    0x0800026c   0x00000024   Code   RO         4000    .text               mc_w.l(memcpya.o)
    0x08000290   0x00000024   Code   RO         4002    .text               mc_w.l(memseta.o)
    0x080002b4   0x00000022   Code   RO         4008    .text               mf_w.l(dflti.o)
    0x080002d6   0x00000002   PAD
    0x080002d8   0x00000030   Code   RO         4012    .text               mf_w.l(cdrcmple.o)
    0x08000308   0x0000001e   Code   RO         4063    .text               mc_w.l(llshl.o)
    0x08000326   0x00000020   Code   RO         4065    .text               mc_w.l(llushr.o)
    0x08000346   0x00000000   Code   RO         4074    .text               mc_w.l(iusefp.o)
    0x08000346   0x000000ba   Code   RO         4077    .text               mf_w.l(depilogue.o)
    0x08000400   0x00000024   Code   RO         4089    .text               mc_w.l(init.o)
    0x08000424   0x00000002   Code   RO          541    i.BusFault_Handler  stm32f4xx_it.o
    0x08000426   0x00000002   PAD
    0x08000428   0x0000000c   Code   RO          542    i.CAN1_RX0_IRQHandler  stm32f4xx_it.o
    0x08000434   0x00000038   Code   RO           13    i.CANfilterConf     get_data.o
    0x0800046c   0x00000058   Code   RO          693    i.Chassis_pid_init  pid.o
    0x080004c4   0x0000000c   Code   RO          543    i.DMA2_Stream2_IRQHandler  stm32f4xx_it.o
    0x080004d0   0x00000028   Code   RO         3078    i.DMA_CalcBaseAndBitshift  stm32f4xx_hal_dma.o
    0x080004f8   0x00000054   Code   RO         3079    i.DMA_CheckFifoParam  stm32f4xx_hal_dma.o
    0x0800054c   0x00000028   Code   RO         3080    i.DMA_SetConfig     stm32f4xx_hal_dma.o
    0x08000574   0x00000002   Code   RO          544    i.DebugMon_Handler  stm32f4xx_it.o
    0x08000576   0x00000002   PAD
    0x08000578   0x000000d8   Code   RO          545    i.EXTI0_IRQHandler  stm32f4xx_it.o
    0x08000650   0x000000dc   Code   RO          546    i.EXTI15_10_IRQHandler  stm32f4xx_it.o
    0x0800072c   0x000000d8   Code   RO          547    i.EXTI1_IRQHandler  stm32f4xx_it.o
    0x08000804   0x000000d8   Code   RO          548    i.EXTI4_IRQHandler  stm32f4xx_it.o
    0x080008dc   0x000000dc   Code   RO          549    i.EXTI9_5_IRQHandler  stm32f4xx_it.o
    0x080009b8   0x00000002   Code   RO          240    i.Error_Handler     main.o
    0x080009ba   0x00000002   PAD
    0x080009bc   0x0000010c   Code   RO          760    i.HAL_CAN_ConfigFilter  stm32f4xx_hal_can.o
    0x08000ac8   0x00000002   Code   RO          763    i.HAL_CAN_ErrorCallback  stm32f4xx_hal_can.o
    0x08000aca   0x000001fc   Code   RO          770    i.HAL_CAN_IRQHandler  stm32f4xx_hal_can.o
    0x08000cc6   0x0000011a   Code   RO          771    i.HAL_CAN_Init      stm32f4xx_hal_can.o
    0x08000de0   0x00000078   Code   RO          344    i.HAL_CAN_MspInit   can.o
    0x08000e58   0x00000002   Code   RO          778    i.HAL_CAN_RxFifo0FullCallback  stm32f4xx_hal_can.o
    0x08000e5a   0x00000002   Code   RO          779    i.HAL_CAN_RxFifo0MsgPendingCallback  stm32f4xx_hal_can.o
    0x08000e5c   0x00000002   Code   RO          780    i.HAL_CAN_RxFifo1FullCallback  stm32f4xx_hal_can.o
    0x08000e5e   0x00000002   Code   RO          781    i.HAL_CAN_RxFifo1MsgPendingCallback  stm32f4xx_hal_can.o
    0x08000e60   0x00000002   Code   RO          782    i.HAL_CAN_SleepCallback  stm32f4xx_hal_can.o
    0x08000e62   0x00000002   PAD
    0x08000e64   0x00000058   Code   RO          783    i.HAL_CAN_Start     stm32f4xx_hal_can.o
    0x08000ebc   0x00000002   Code   RO          785    i.HAL_CAN_TxMailbox0AbortCallback  stm32f4xx_hal_can.o
    0x08000ebe   0x00000002   Code   RO          786    i.HAL_CAN_TxMailbox0CompleteCallback  stm32f4xx_hal_can.o
    0x08000ec0   0x00000002   Code   RO          787    i.HAL_CAN_TxMailbox1AbortCallback  stm32f4xx_hal_can.o
    0x08000ec2   0x00000002   Code   RO          788    i.HAL_CAN_TxMailbox1CompleteCallback  stm32f4xx_hal_can.o
    0x08000ec4   0x00000002   Code   RO          789    i.HAL_CAN_TxMailbox2AbortCallback  stm32f4xx_hal_can.o
    0x08000ec6   0x00000002   Code   RO          790    i.HAL_CAN_TxMailbox2CompleteCallback  stm32f4xx_hal_can.o
    0x08000ec8   0x00000002   Code   RO          792    i.HAL_CAN_WakeUpFromRxMsgCallback  stm32f4xx_hal_can.o
    0x08000eca   0x00000002   PAD
    0x08000ecc   0x000001a0   Code   RO         3086    i.HAL_DMA_IRQHandler  stm32f4xx_hal_dma.o
    0x0800106c   0x000000d4   Code   RO         3087    i.HAL_DMA_Init      stm32f4xx_hal_dma.o
    0x08001140   0x0000006e   Code   RO         3091    i.HAL_DMA_Start_IT  stm32f4xx_hal_dma.o
    0x080011ae   0x00000002   PAD
    0x080011b0   0x00000024   Code   RO         3518    i.HAL_Delay         stm32f4xx_hal.o
    0x080011d4   0x000001d4   Code   RO         2974    i.HAL_GPIO_Init     stm32f4xx_hal_gpio.o
    0x080013a8   0x0000000a   Code   RO         2976    i.HAL_GPIO_ReadPin  stm32f4xx_hal_gpio.o
    0x080013b2   0x0000000a   Code   RO         2978    i.HAL_GPIO_WritePin  stm32f4xx_hal_gpio.o
    0x080013bc   0x0000000c   Code   RO         3526    i.HAL_GetTick       stm32f4xx_hal.o
    0x080013c8   0x00000010   Code   RO         3532    i.HAL_IncTick       stm32f4xx_hal.o
    0x080013d8   0x00000034   Code   RO         3533    i.HAL_Init          stm32f4xx_hal.o
    0x0800140c   0x00000040   Code   RO         3534    i.HAL_InitTick      stm32f4xx_hal.o
    0x0800144c   0x00000030   Code   RO          668    i.HAL_MspInit       stm32f4xx_hal_msp.o
    0x0800147c   0x0000001a   Code   RO         3381    i.HAL_NVIC_EnableIRQ  stm32f4xx_hal_cortex.o
    0x08001496   0x00000002   PAD
    0x08001498   0x00000040   Code   RO         3387    i.HAL_NVIC_SetPriority  stm32f4xx_hal_cortex.o
    0x080014d8   0x00000024   Code   RO         3388    i.HAL_NVIC_SetPriorityGrouping  stm32f4xx_hal_cortex.o
    0x080014fc   0x00000134   Code   RO         2568    i.HAL_RCC_ClockConfig  stm32f4xx_hal_rcc.o
    0x08001630   0x00000020   Code   RO         2575    i.HAL_RCC_GetPCLK1Freq  stm32f4xx_hal_rcc.o
    0x08001650   0x00000020   Code   RO         2576    i.HAL_RCC_GetPCLK2Freq  stm32f4xx_hal_rcc.o
    0x08001670   0x00000064   Code   RO         2577    i.HAL_RCC_GetSysClockFreq  stm32f4xx_hal_rcc.o
    0x080016d4   0x0000035c   Code   RO         2580    i.HAL_RCC_OscConfig  stm32f4xx_hal_rcc.o
    0x08001a30   0x00000080   Code   RO         1002    i.HAL_SPI_Init      stm32f4xx_hal_spi.o
    0x08001ab0   0x0000006c   Code   RO          410    i.HAL_SPI_MspInit   spi.o
    0x08001b1c   0x000001e2   Code   RO         1011    i.HAL_SPI_TransmitReceive  stm32f4xx_hal_spi.o
    0x08001cfe   0x00000028   Code   RO         3392    i.HAL_SYSTICK_Config  stm32f4xx_hal_cortex.o
    0x08001d26   0x00000002   Code   RO         1990    i.HAL_TIMEx_BreakCallback  stm32f4xx_hal_tim_ex.o
    0x08001d28   0x00000002   Code   RO         1991    i.HAL_TIMEx_CommutCallback  stm32f4xx_hal_tim_ex.o
    0x08001d2a   0x00000002   PAD
    0x08001d2c   0x00000090   Code   RO         2008    i.HAL_TIMEx_MasterConfigSynchronization  stm32f4xx_hal_tim_ex.o
    0x08001dbc   0x00000036   Code   RO         1315    i.HAL_TIM_Base_Init  stm32f4xx_hal_tim.o
    0x08001df2   0x00000002   PAD
    0x08001df4   0x00000038   Code   RO          452    i.HAL_TIM_Base_MspInit  tim.o
    0x08001e2c   0x00000022   Code   RO         1320    i.HAL_TIM_Base_Start_IT  stm32f4xx_hal_tim.o
    0x08001e4e   0x000000d6   Code   RO         1324    i.HAL_TIM_ConfigClockSource  stm32f4xx_hal_tim.o
    0x08001f24   0x00000002   Code   RO         1344    i.HAL_TIM_IC_CaptureCallback  stm32f4xx_hal_tim.o
    0x08001f26   0x00000166   Code   RO         1358    i.HAL_TIM_IRQHandler  stm32f4xx_hal_tim.o
    0x0800208c   0x00000050   Code   RO          453    i.HAL_TIM_MspPostInit  tim.o
    0x080020dc   0x00000056   Code   RO         1359    i.HAL_TIM_OC_ConfigChannel  stm32f4xx_hal_tim.o
    0x08002132   0x00000002   Code   RO         1361    i.HAL_TIM_OC_DelayElapsedCallback  stm32f4xx_hal_tim.o
    0x08002134   0x00000036   Code   RO         1363    i.HAL_TIM_OC_Init   stm32f4xx_hal_tim.o
    0x0800216a   0x00000002   Code   RO         1365    i.HAL_TIM_OC_MspInit  stm32f4xx_hal_tim.o
    0x0800216c   0x00000002   Code   RO         1388    i.HAL_TIM_PWM_PulseFinishedCallback  stm32f4xx_hal_tim.o
    0x0800216e   0x00000002   PAD
    0x08002170   0x00000014   Code   RO          167    i.HAL_TIM_PeriodElapsedCallback  runfunction.o
    0x08002184   0x00000002   Code   RO         1401    i.HAL_TIM_TriggerCallback  stm32f4xx_hal_tim.o
    0x08002186   0x00000002   Code   RO         2262    i.HAL_UART_ErrorCallback  stm32f4xx_hal_uart.o
    0x08002188   0x00000062   Code   RO         2266    i.HAL_UART_Init     stm32f4xx_hal_uart.o
    0x080021ea   0x00000002   PAD
    0x080021ec   0x000000b4   Code   RO          500    i.HAL_UART_MspInit  usart.o
    0x080022a0   0x00000098   Code   RO         2270    i.HAL_UART_Receive_DMA  stm32f4xx_hal_uart.o
    0x08002338   0x00000002   Code   RO         2272    i.HAL_UART_RxCpltCallback  stm32f4xx_hal_uart.o
    0x0800233a   0x00000002   Code   RO         2273    i.HAL_UART_RxHalfCpltCallback  stm32f4xx_hal_uart.o
    0x0800233c   0x00000002   Code   RO          550    i.HardFault_Handler  stm32f4xx_it.o
    0x0800233e   0x00000002   PAD
    0x08002340   0x00000044   Code   RO          345    i.MX_CAN1_Init      can.o
    0x08002384   0x0000002c   Code   RO          385    i.MX_DMA_Init       dma.o
    0x080023b0   0x000001e8   Code   RO          319    i.MX_GPIO_Init      gpio.o
    0x08002598   0x00000048   Code   RO          411    i.MX_SPI5_Init      spi.o
    0x080025e0   0x00000094   Code   RO          454    i.MX_TIM2_Init      tim.o
    0x08002674   0x00000040   Code   RO          501    i.MX_USART1_UART_Init  usart.o
    0x080026b4   0x00000002   Code   RO          551    i.MemManage_Handler  stm32f4xx_it.o
    0x080026b6   0x00000002   Code   RO          552    i.NMI_Handler       stm32f4xx_it.o
    0x080026b8   0x00000018   Code   RO          695    i.PID_struct_init   pid.o
    0x080026d0   0x00000002   Code   RO          553    i.PendSV_Handler    stm32f4xx_it.o
    0x080026d2   0x00000002   PAD
    0x080026d4   0x00000058   Code   RO         1040    i.SPI_EndRxTxTransaction  stm32f4xx_hal_spi.o
    0x0800272c   0x00000094   Code   RO         1045    i.SPI_WaitFlagStateUntilTimeout  stm32f4xx_hal_spi.o
    0x080027c0   0x00000002   Code   RO          554    i.SVC_Handler       stm32f4xx_it.o
    0x080027c2   0x00000004   Code   RO          555    i.SysTick_Handler   stm32f4xx_it.o
    0x080027c6   0x00000002   PAD
    0x080027c8   0x00000084   Code   RO          241    i.SystemClock_Config  main.o
    0x0800284c   0x0000001c   Code   RO         3782    i.SystemInit        system_stm32f4xx.o
    0x08002868   0x0000000c   Code   RO          556    i.TIM2_IRQHandler   stm32f4xx_it.o
    0x08002874   0x000000c8   Code   RO         1403    i.TIM_Base_SetConfig  stm32f4xx_hal_tim.o
    0x0800293c   0x00000014   Code   RO         1414    i.TIM_ETR_SetConfig  stm32f4xx_hal_tim.o
    0x08002950   0x00000010   Code   RO         1415    i.TIM_ITRx_SetConfig  stm32f4xx_hal_tim.o
    0x08002960   0x00000060   Code   RO         1416    i.TIM_OC1_SetConfig  stm32f4xx_hal_tim.o
    0x080029c0   0x0000006c   Code   RO         1417    i.TIM_OC2_SetConfig  stm32f4xx_hal_tim.o
    0x08002a2c   0x00000068   Code   RO         1418    i.TIM_OC3_SetConfig  stm32f4xx_hal_tim.o
    0x08002a94   0x00000050   Code   RO         1419    i.TIM_OC4_SetConfig  stm32f4xx_hal_tim.o
    0x08002ae4   0x00000022   Code   RO         1421    i.TIM_TI1_ConfigInputStage  stm32f4xx_hal_tim.o
    0x08002b06   0x00000024   Code   RO         1423    i.TIM_TI2_ConfigInputStage  stm32f4xx_hal_tim.o
    0x08002b2a   0x0000004a   Code   RO         2280    i.UART_DMAError     stm32f4xx_hal_uart.o
    0x08002b74   0x0000003c   Code   RO         2281    i.UART_DMAReceiveCplt  stm32f4xx_hal_uart.o
    0x08002bb0   0x0000000a   Code   RO         2283    i.UART_DMARxHalfCplt  stm32f4xx_hal_uart.o
    0x08002bba   0x0000001c   Code   RO         2289    i.UART_EndRxTransfer  stm32f4xx_hal_uart.o
    0x08002bd6   0x00000012   Code   RO         2290    i.UART_EndTxTransfer  stm32f4xx_hal_uart.o
    0x08002be8   0x00000128   Code   RO         2292    i.UART_SetConfig    stm32f4xx_hal_uart.o
    0x08002d10   0x00000002   Code   RO          557    i.UsageFault_Handler  stm32f4xx_it.o
    0x08002d12   0x00000020   Code   RO         3394    i.__NVIC_SetPriority  stm32f4xx_hal_cortex.o
    0x08002d32   0x00000014   Code   RO         3974    i.__hardfp_fabs     m_wm.l(fabs.o)
    0x08002d46   0x0000000e   Code   RO         4095    i.__scatterload_copy  mc_w.l(handlers.o)
    0x08002d54   0x00000002   Code   RO         4096    i.__scatterload_null  mc_w.l(handlers.o)
    0x08002d56   0x0000000e   Code   RO         4097    i.__scatterload_zeroinit  mc_w.l(handlers.o)
    0x08002d64   0x0000004c   Code   RO          168    i.get_number        runfunction.o
    0x08002db0   0x000001cc   Code   RO         3821    i.init_quaternion   bsp_imu_1.o
    0x08002f7c   0x0000000a   Code   RO         3823    i.ist8310_get_data  bsp_imu_1.o
    0x08002f86   0x00000100   Code   RO         3824    i.ist8310_init      bsp_imu_1.o
    0x08003086   0x00000038   Code   RO         3825    i.ist_reg_read_by_mpu  bsp_imu_1.o
    0x080030be   0x00000042   Code   RO         3826    i.ist_reg_write_by_mpu  bsp_imu_1.o
    0x08003100   0x00000024   Code   RO          169    i.led_off           runfunction.o
    0x08003124   0x00000108   Code   RO          242    i.main              main.o
    0x0800322c   0x0000004c   Code   RO          170    i.middleLED         runfunction.o
    0x08003278   0x00000064   Code   RO         3827    i.mpu_device_init   bsp_imu_1.o
    0x080032dc   0x00000100   Code   RO         3828    i.mpu_get_data      bsp_imu_1.o
    0x080033dc   0x0000008e   Code   RO         3829    i.mpu_master_i2c_auto_read_config  bsp_imu_1.o
    0x0800346a   0x00000002   PAD
    0x0800346c   0x000000a4   Code   RO         3830    i.mpu_offset_call   bsp_imu_1.o
    0x08003510   0x00000050   Code   RO         3831    i.mpu_read_byte     bsp_imu_1.o
    0x08003560   0x0000005c   Code   RO         3832    i.mpu_read_bytes    bsp_imu_1.o
    0x080035bc   0x0000000a   Code   RO         3833    i.mpu_set_accel_fsr  bsp_imu_1.o
    0x080035c6   0x0000000a   Code   RO         3834    i.mpu_set_gyro_fsr  bsp_imu_1.o
    0x080035d0   0x00000054   Code   RO         3835    i.mpu_write_byte    bsp_imu_1.o
    0x08003624   0x0000000e   Code   RO          697    i.pid_param_init    pid.o
    0x08003632   0x00000006   Code   RO          698    i.pid_reset         pid.o
    0x08003638   0x00000008   Data   RO         3093    .constdata          stm32f4xx_hal_dma.o
    0x08003640   0x00000010   Data   RO         3783    .constdata          system_stm32f4xx.o
    0x08003650   0x00000008   Data   RO         3784    .constdata          system_stm32f4xx.o
    0x08003658   0x00000014   Data   RO         3837    .constdata          bsp_imu_1.o
    0x0800366c   0x00000020   Data   RO         4093    Region$$Table       anon$$obj.o


    Execution Region RW_IRAM1 (Base: 0x20000000, Size: 0x000008a0, Max: 0x00030000, ABSOLUTE)

    Base Addr    Size         Type   Attr      Idx    E Section Name        Object

    0x20000000   0x0000000d   Data   RW          171    .data               runfunction.o
    0x2000000d   0x00000003   PAD
    0x20000010   0x00000004   Data   RW          177    .data               runfunction.o
    0x20000014   0x0000000c   Data   RW         3540    .data               stm32f4xx_hal.o
    0x20000020   0x00000004   Data   RW         3785    .data               system_stm32f4xx.o
    0x20000024   0x00000060   Data   RW         3838    .data               bsp_imu_1.o
    0x20000084   0x00000004   Data   RW         3998    .data               mc_w.l(rand.o)
    0x20000088   0x0000004e   Zero   RW           16    .bss                get_data.o
    0x200000d6   0x00000002   PAD
    0x200000d8   0x00000028   Zero   RW          346    .bss                can.o
    0x20000100   0x00000058   Zero   RW          412    .bss                spi.o
    0x20000158   0x00000040   Zero   RW          455    .bss                tim.o
    0x20000198   0x000000a0   Zero   RW          502    .bss                usart.o
    0x20000238   0x00000200   Zero   RW          699    .bss                pid.o
    0x20000438   0x00000062   Zero   RW         3836    .bss                bsp_imu_1.o
    0x2000049a   0x00000006   PAD
    0x200004a0   0x00000400   Zero   RW            1    STACK               startup_stm32f427xx.o


==============================================================================

Image component sizes


      Code (inc. data)   RO Data    RW Data    ZI Data      Debug   Object Name

      1786        172         20         96         98      10809   bsp_imu_1.o
       188         22          0          0         40       1661   can.o
        44          4          0          0          0        758   dma.o
        56         14          0          0         78     753675   get_data.o
       488         30          0          0          0       1219   gpio.o
       398         56          0          0          0       2212   main.o
       132         24          0          0        512       4438   pid.o
       208         30          0         17          0       3023   runfunction.o
       180         24          0          0         88       1653   spi.o
        36          8        428          0       1024        836   startup_stm32f427xx.o
       180         28          0         12          0       9561   stm32f4xx_hal.o
      1172          6          0          0          0      11910   stm32f4xx_hal_can.o
       198         14          0          0          0      33959   stm32f4xx_hal_cortex.o
       902         16          8          0          0       5823   stm32f4xx_hal_dma.o
       488         54          0          0          0       3083   stm32f4xx_hal_gpio.o
        48          6          0          0          0        834   stm32f4xx_hal_msp.o
      1332         82          0          0          0       5240   stm32f4xx_hal_rcc.o
       846          8          0          0          0       4745   stm32f4xx_hal_spi.o
      1504         80          0          0          0      15135   stm32f4xx_hal_tim.o
       148         28          0          0          0       2465   stm32f4xx_hal_tim_ex.o
       742         24          0          0          0       7504   stm32f4xx_hal_uart.o
      1144        202          0          0          0       8569   stm32f4xx_it.o
        28          6         24          4          0       1131   system_stm32f4xx.o
       284         18          0          0         64       2368   tim.o
       244         36          0          0        160       1781   usart.o

    ----------------------------------------------------------------------
     12806        992        512        132       2072     894392   Object Totals
         0          0         32          0          0          0   (incl. Generated)
        30          0          0          3          8          0   (incl. Padding)

    ----------------------------------------------------------------------

      Code (inc. data)   RO Data    RW Data    ZI Data      Debug   Library Member Name

        20          0          0          0          0        124   fabs.o
         0          0          0          0          0          0   entry.o
         0          0          0          0          0          0   entry10a.o
         0          0          0          0          0          0   entry11a.o
         8          4          0          0          0          0   entry2.o
         4          0          0          0          0          0   entry5.o
         0          0          0          0          0          0   entry7b.o
         0          0          0          0          0          0   entry8b.o
         8          4          0          0          0          0   entry9a.o
        30          0          0          0          0          0   handlers.o
        36          8          0          0          0         68   init.o
         0          0          0          0          0          0   iusefp.o
        30          0          0          0          0         68   llshl.o
        32          0          0          0          0         68   llushr.o
        36          0          0          0          0         68   memcpya.o
        36          0          0          0          0        108   memseta.o
        36         10          0          4          0        136   rand.o
        98          0          0          0          0         92   uldiv.o
        48          0          0          0          0         68   cdrcmple.o
       186          0          0          0          0        176   depilogue.o
        34          0          0          0          0         76   dflti.o

    ----------------------------------------------------------------------
       646         26          0          4          0       1052   Library Totals
         4          0          0          0          0          0   (incl. Padding)

    ----------------------------------------------------------------------

      Code (inc. data)   RO Data    RW Data    ZI Data      Debug   Library Name

        20          0          0          0          0        124   m_wm.l
       354         26          0          4          0        608   mc_w.l
       268          0          0          0          0        320   mf_w.l

    ----------------------------------------------------------------------
       646         26          0          4          0       1052   Library Totals

    ----------------------------------------------------------------------

==============================================================================


      Code (inc. data)   RO Data    RW Data    ZI Data      Debug   

     13452       1018        512        136       2072     882384   Grand Totals
     13452       1018        512        136       2072     882384   ELF Image Totals
     13452       1018        512        136          0          0   ROM Totals

==============================================================================

    Total RO  Size (Code + RO Data)                13964 (  13.64kB)
    Total RW  Size (RW Data + ZI Data)              2208 (   2.16kB)
    Total ROM Size (Code + RO Data + RW Data)      14100 (  13.77kB)

==============================================================================

